Archive member included to satisfy reference by file (symbol)

C:/ST/STM32CubeIDE_2.0.0/STM32CubeIDE/plugins/com.st.stm32cube.ide.mcu.externaltools.gnu-tools-for-stm32.13.3.rel1.win32_1.0.100.202509120712/tools/bin/../lib/gcc/arm-none-eabi/13.3.1/../../../../arm-none-eabi/lib/thumb/v7e-m+fp/hard\libc_nano.a(libc_a-exit.o)
                              C:/ST/STM32CubeIDE_2.0.0/STM32CubeIDE/plugins/com.st.stm32cube.ide.mcu.externaltools.gnu-tools-for-stm32.13.3.rel1.win32_1.0.100.202509120712/tools/bin/../lib/gcc/arm-none-eabi/13.3.1/../../../../arm-none-eabi/lib/thumb/v7e-m+fp/hard/crt0.o (exit)
C:/ST/STM32CubeIDE_2.0.0/STM32CubeIDE/plugins/com.st.stm32cube.ide.mcu.externaltools.gnu-tools-for-stm32.13.3.rel1.win32_1.0.100.202509120712/tools/bin/../lib/gcc/arm-none-eabi/13.3.1/../../../../arm-none-eabi/lib/thumb/v7e-m+fp/hard\libc_nano.a(libc_a-findfp.o)
                              C:/ST/STM32CubeIDE_2.0.0/STM32CubeIDE/plugins/com.st.stm32cube.ide.mcu.externaltools.gnu-tools-for-stm32.13.3.rel1.win32_1.0.100.202509120712/tools/bin/../lib/gcc/arm-none-eabi/13.3.1/../../../../arm-none-eabi/lib/thumb/v7e-m+fp/hard\libc_nano.a(libc_a-exit.o) (__stdio_exit_handler)
C:/ST/STM32CubeIDE_2.0.0/STM32CubeIDE/plugins/com.st.stm32cube.ide.mcu.externaltools.gnu-tools-for-stm32.13.3.rel1.win32_1.0.100.202509120712/tools/bin/../lib/gcc/arm-none-eabi/13.3.1/../../../../arm-none-eabi/lib/thumb/v7e-m+fp/hard\libc_nano.a(libc_a-fwalk.o)
                              C:/ST/STM32CubeIDE_2.0.0/STM32CubeIDE/plugins/com.st.stm32cube.ide.mcu.externaltools.gnu-tools-for-stm32.13.3.rel1.win32_1.0.100.202509120712/tools/bin/../lib/gcc/arm-none-eabi/13.3.1/../../../../arm-none-eabi/lib/thumb/v7e-m+fp/hard\libc_nano.a(libc_a-findfp.o) (_fwalk_sglue)
C:/ST/STM32CubeIDE_2.0.0/STM32CubeIDE/plugins/com.st.stm32cube.ide.mcu.externaltools.gnu-tools-for-stm32.13.3.rel1.win32_1.0.100.202509120712/tools/bin/../lib/gcc/arm-none-eabi/13.3.1/../../../../arm-none-eabi/lib/thumb/v7e-m+fp/hard\libc_nano.a(libc_a-snprintf.o)
                              ./Core/Src/serial_communication.o (snprintf)
C:/ST/STM32CubeIDE_2.0.0/STM32CubeIDE/plugins/com.st.stm32cube.ide.mcu.externaltools.gnu-tools-for-stm32.13.3.rel1.win32_1.0.100.202509120712/tools/bin/../lib/gcc/arm-none-eabi/13.3.1/../../../../arm-none-eabi/lib/thumb/v7e-m+fp/hard\libc_nano.a(libc_a-sscanf.o)
                              ./Core/Src/serial_communication.o (sscanf)
C:/ST/STM32CubeIDE_2.0.0/STM32CubeIDE/plugins/com.st.stm32cube.ide.mcu.externaltools.gnu-tools-for-stm32.13.3.rel1.win32_1.0.100.202509120712/tools/bin/../lib/gcc/arm-none-eabi/13.3.1/../../../../arm-none-eabi/lib/thumb/v7e-m+fp/hard\libc_nano.a(libc_a-stdio.o)
                              C:/ST/STM32CubeIDE_2.0.0/STM32CubeIDE/plugins/com.st.stm32cube.ide.mcu.externaltools.gnu-tools-for-stm32.13.3.rel1.win32_1.0.100.202509120712/tools/bin/../lib/gcc/arm-none-eabi/13.3.1/../../../../arm-none-eabi/lib/thumb/v7e-m+fp/hard\libc_nano.a(libc_a-findfp.o) (__sread)
C:/ST/STM32CubeIDE_2.0.0/STM32CubeIDE/plugins/com.st.stm32cube.ide.mcu.externaltools.gnu-tools-for-stm32.13.3.rel1.win32_1.0.100.202509120712/tools/bin/../lib/gcc/arm-none-eabi/13.3.1/../../../../arm-none-eabi/lib/thumb/v7e-m+fp/hard\libc_nano.a(libc_a-memset.o)
                              C:/ST/STM32CubeIDE_2.0.0/STM32CubeIDE/plugins/com.st.stm32cube.ide.mcu.externaltools.gnu-tools-for-stm32.13.3.rel1.win32_1.0.100.202509120712/tools/bin/../lib/gcc/arm-none-eabi/13.3.1/../../../../arm-none-eabi/lib/thumb/v7e-m+fp/hard/crt0.o (memset)
C:/ST/STM32CubeIDE_2.0.0/STM32CubeIDE/plugins/com.st.stm32cube.ide.mcu.externaltools.gnu-tools-for-stm32.13.3.rel1.win32_1.0.100.202509120712/tools/bin/../lib/gcc/arm-none-eabi/13.3.1/../../../../arm-none-eabi/lib/thumb/v7e-m+fp/hard\libc_nano.a(libc_a-closer.o)
                              C:/ST/STM32CubeIDE_2.0.0/STM32CubeIDE/plugins/com.st.stm32cube.ide.mcu.externaltools.gnu-tools-for-stm32.13.3.rel1.win32_1.0.100.202509120712/tools/bin/../lib/gcc/arm-none-eabi/13.3.1/../../../../arm-none-eabi/lib/thumb/v7e-m+fp/hard\libc_nano.a(libc_a-stdio.o) (_close_r)
C:/ST/STM32CubeIDE_2.0.0/STM32CubeIDE/plugins/com.st.stm32cube.ide.mcu.externaltools.gnu-tools-for-stm32.13.3.rel1.win32_1.0.100.202509120712/tools/bin/../lib/gcc/arm-none-eabi/13.3.1/../../../../arm-none-eabi/lib/thumb/v7e-m+fp/hard\libc_nano.a(libc_a-reent.o)
                              C:/ST/STM32CubeIDE_2.0.0/STM32CubeIDE/plugins/com.st.stm32cube.ide.mcu.externaltools.gnu-tools-for-stm32.13.3.rel1.win32_1.0.100.202509120712/tools/bin/../lib/gcc/arm-none-eabi/13.3.1/../../../../arm-none-eabi/lib/thumb/v7e-m+fp/hard\libc_nano.a(libc_a-closer.o) (errno)
C:/ST/STM32CubeIDE_2.0.0/STM32CubeIDE/plugins/com.st.stm32cube.ide.mcu.externaltools.gnu-tools-for-stm32.13.3.rel1.win32_1.0.100.202509120712/tools/bin/../lib/gcc/arm-none-eabi/13.3.1/../../../../arm-none-eabi/lib/thumb/v7e-m+fp/hard\libc_nano.a(libc_a-impure.o)
[...]
Memory Configuration

Name             Origin             Length             Attributes
RAM              0x20000000         0x00020000         xrw
FLASH            0x08000000         0x00080000         xr
*default*        0x00000000         0xffffffff

Linker script and memory map

LOAD C:/ST/STM32CubeIDE_2.0.0/STM32CubeIDE/plugins/com.st.stm32cube.ide.mcu.externaltools.gnu-tools-for-stm32.13.3.rel1.win32_1.0.100.202509120712/tools/bin/../lib/gcc/arm-none-eabi/13.3.1/thumb/v7e-m+fp/hard/crti.o
LOAD C:/ST/STM32CubeIDE_2.0.0/STM32CubeIDE/plugins/com.st.stm32cube.ide.mcu.externaltools.gnu-tools-for-stm32.13.3.rel1.win32_1.0.100.202509120712/tools/bin/../lib/gcc/arm-none-eabi/13.3.1/thumb/v7e-m+fp/hard/crtbegin.o
LOAD C:/ST/STM32CubeIDE_2.0.0/STM32CubeIDE/plugins/com.st.stm32cube.ide.mcu.externaltools.gnu-tools-for-stm32.13.3.rel1.win32_1.0.100.202509120712/tools/bin/../lib/gcc/arm-none-eabi/13.3.1/../../../../arm-none-eabi/lib/thumb/v7e-m+fp/hard/crt0.o
LOAD ./Core/Src/encoder.o
LOAD ./Core/Src/main.o
LOAD ./Core/Src/serial_communication.o
LOAD ./Core/Src/servo.o
LOAD ./Core/Src/stm32f4xx_hal_msp.o
LOAD ./Core/Src/stm32f4xx_it.o
LOAD ./Core/Src/supersonic.o
LOAD ./Core/Src/syscalls.o
LOAD ./Core/Src/sysmem.o
LOAD ./Core/Src/system_stm32f4xx.o
LOAD ./Core/Src/test.o
LOAD ./Core/Startup/startup_stm32f446retx.o
LOAD ./Drivers/STM32F4xx_HAL_Driver/Src/stm32f4xx_hal.o
LOAD ./Drivers/STM32F4xx_HAL_Driver/Src/stm32f4xx_hal_cortex.o
LOAD ./Drivers/STM32F4xx_HAL_Driver/Src/stm32f4xx_hal_dma.o
LOAD ./Drivers/STM32F4xx_HAL_Driver/Src/stm32f4xx_hal_dma_ex.o
LOAD ./Drivers/STM32F4xx_HAL_Driver/Src/stm32f4xx_hal_exti.o
LOAD ./Drivers/STM32F4xx_HAL_Driver/Src/stm32f4xx_hal_flash.o
LOAD ./Drivers/STM32F4xx_HAL_Driver/Src/stm32f4xx_hal_flash_ex.o
LOAD ./Drivers/STM32F4xx_HAL_Driver/Src/stm32f4xx_hal_flash_ramfunc.o
LOAD ./Drivers/STM32F4xx_HAL_Driver/Src/stm32f4xx_hal_gpio.o
LOAD ./Drivers/STM32F4xx_HAL_Driver/Src/stm32f4xx_hal_pwr.o
LOAD ./Drivers/STM32F4xx_HAL_Driver/Src/stm32f4xx_hal_pwr_ex.o
LOAD ./Drivers/STM32F4xx_HAL_Driver/Src/stm32f4xx_hal_rcc.o
LOAD ./Drivers/STM32F4xx_HAL_Driver/Src/stm32f4xx_hal_rcc_ex.o
LOAD ./Drivers/STM32F4xx_HAL_Driver/Src/stm32f4xx_hal_tim.o
LOAD ./Drivers/STM32F4xx_HAL_Driver/Src/stm32f4xx_hal_tim_ex.o
LOAD ./Drivers/STM32F4xx_HAL_Driver/Src/stm32f4xx_hal_uart.o
START GROUP
LOAD C:/ST/STM32CubeIDE_2.0.0/STM32CubeIDE/plugins/com.st.stm32cube.ide.mcu.externaltools.gnu-tools-for-stm32.13.3.rel1.win32_1.0.100.202509120712/tools/bin/../lib/gcc/arm-none-eabi/13.3.1/../../../../arm-none-eabi/lib/thumb/v7e-m+fp/hard\libc_nano.a
LOAD C:/ST/STM32CubeIDE_2.0.0/STM32CubeIDE/plugins/com.st.stm32cube.ide.mcu.externaltools.gnu-tools-for-stm32.13.3.rel1.win32_1.0.100.202509120712/tools/bin/../lib/gcc/arm-none-eabi/13.3.1/../../../../arm-none-eabi/lib/thumb/v7e-m+fp/hard\libm.a
END GROUP
START GROUP
LOAD C:/ST/STM32CubeIDE_2.0.0/STM32CubeIDE/plugins/com.st.stm32cube.ide.mcu.externaltools.gnu-tools-for-stm32.13.3.rel1.win32_1.0.100.202509120712/tools/bin/../lib/gcc/arm-none-eabi/13.3.1/thumb/v7e-m+fp/hard\libgcc.a
LOAD C:/ST/STM32CubeIDE_2.0.0/STM32CubeIDE/plugins/com.st.stm32cube.ide.mcu.externaltools.gnu-tools-for-stm32.13.3.rel1.win32_1.0.100.202509120712/tools/bin/../lib/gcc/arm-none-eabi/13.3.1/../../../../arm-none-eabi/lib/thumb/v7e-m+fp/hard\libc_nano.a
END GROUP
START GROUP
LOAD C:/ST/STM32CubeIDE_2.0.0/STM32CubeIDE/plugins/com.st.stm32cube.ide.mcu.externaltools.gnu-tools-for-stm32.13.3.rel1.win32_1.0.100.202509120712/tools/bin/../lib/gcc/arm-none-eabi/13.3.1/thumb/v7e-m+fp/hard\libgcc.a
LOAD C:/ST/STM32CubeIDE_2.0.0/STM32CubeIDE/plugins/com.st.stm32cube.ide.mcu.externaltools.gnu-tools-for-stm32.13.3.rel1.win32_1.0.100.202509120712/tools/bin/../lib/gcc/arm-none-eabi/13.3.1/../../../../arm-none-eabi/lib/thumb/v7e-m+fp/hard\libc_nano.a
LOAD C:/ST/STM32CubeIDE_2.0.0/STM32CubeIDE/plugins/com.st.stm32cube.ide.mcu.externaltools.gnu-tools-for-stm32.13.3.rel1.win32_1.0.100.202509120712/tools/bin/../lib/gcc/arm-none-eabi/13.3.1/../../../../arm-none-eabi/lib/thumb/v7e-m+fp/hard\libnosys.a
END GROUP
START GROUP
LOAD C:/ST/STM32CubeIDE_2.0.0/STM32CubeIDE/plugins/com.st.stm32cube.ide.mcu.externaltools.gnu-tools-for-stm32.13.3.rel1.win32_1.0.100.202509120712/tools/bin/../lib/gcc/arm-none-eabi/13.3.1/thumb/v7e-m+fp/hard\libgcc.a
LOAD C:/ST/STM32CubeIDE_2.0.0/STM32CubeIDE/plugins/com.st.stm32cube.ide.mcu.externaltools.gnu-tools-for-stm32.13.3.rel1.win32_1.0.100.202509120712/tools/bin/../lib/gcc/arm-none-eabi/13.3.1/../../../../arm-none-eabi/lib/thumb/v7e-m+fp/hard\libc_nano.a
LOAD C:/ST/STM32CubeIDE_2.0.0/STM32CubeIDE/plugins/com.st.stm32cube.ide.mcu.externaltools.gnu-tools-for-stm32.13.3.rel1.win32_1.0.100.202509120712/tools/bin/../lib/gcc/arm-none-eabi/13.3.1/../../../../arm-none-eabi/lib/thumb/v7e-m+fp/hard\libnosys.a
END GROUP
LOAD C:/ST/STM32CubeIDE_2.0.0/STM32CubeIDE/plugins/com.st.stm32cube.ide.mcu.externaltools.gnu-tools-for-stm32.13.3.rel1.win32_1.0.100.202509120712/tools/bin/../lib/gcc/arm-none-eabi/13.3.1/thumb/v7e-m+fp/hard/crtend.o
LOAD C:/ST/STM32CubeIDE_2.0.0/STM32CubeIDE/plugins/com.st.stm32cube.ide.mcu.externaltools.gnu-tools-for-stm32.13.3.rel1.win32_1.0.100.202509120712/tools/bin/../lib/gcc/arm-none-eabi/13.3.1/thumb/v7e-m+fp/hard/crtn.o
                0x20020000                        _estack = (ORIGIN (RAM) + LENGTH (RAM))
                0x00000200                        _Min_Heap_Size = 0x200
                0x00000400                        _Min_Stack_Size = 0x400

.isr_vector     0x08000000      0x1c4
                0x08000000                        . = ALIGN (0x4)
 *(.isr_vector)
 .isr_vector    0x08000000      0x1c4 ./Core/Startup/startup_stm32f446retx.o
                0x08000000                g_pfnVectors
                0x080001c4                        . = ALIGN (0x4)

.text           0x080001d0     0x64d4
                0x080001d0                        . = ALIGN (0x4)
 *(.text)
 .text          0x080001d0       0x40 C:/ST/STM32CubeIDE_2.0.0/STM32CubeIDE/plugins/com.st.stm32cube.ide.mcu.externaltools.gnu-tools-for-stm32.13.3.rel1.win32_1.0.100.202509120712/tools/bin/../lib/gcc/arm-none-eabi/13.3.1/thumb/v7e-m+fp/hard/crtbegin.o
 .text          0x08000210       0x10 C:/ST/STM32CubeIDE_2.0.0/STM32CubeIDE/plugins/com.st.stm32cube.ide.mcu.externaltools.gnu-tools-for-stm32.13.3.rel1.win32_1.0.100.202509120712/tools/bin/../lib/gcc/arm-none-eabi/13.3.1/../../../../arm-none-eabi/lib/thumb/v7e-m+fp/hard\libc_nano.a(libc_a-strlen.o)
                0x08000210                strlen
 .text          0x08000220       0xa0 C:/ST/STM32CubeIDE_2.0.0/STM32CubeIDE/plugins/com.st.stm32cube.ide.mcu.externaltools.gnu-tools-for-stm32.13.3.rel1.win32_1.0.100.202509120712/tools/bin/../lib/gcc/arm-none-eabi/13.3.1/../../../../arm-none-eabi/lib/thumb/v7e-m+fp/hard\libc_nano.a(libc_a-memchr.o)
                0x08000220                memchr
 .text          0x080002c0      0x378 C:/ST/STM32CubeIDE_2.0.0/STM32CubeIDE/plugins/com.st.stm32cube.ide.mcu.externaltools.gnu-tools-for-stm32.13.3.rel1.win32_1.0.100.202509120712/tools/bin/../lib/gcc/arm-none-eabi/13.3.1/thumb/v7e-m+fp/hard\libgcc.a(_arm_addsubdf3.o)
                0x080002c0                __aeabi_drsub
                0x080002c8                __aeabi_dsub
                0x080002c8                __subdf3
                0x080002cc                __aeabi_dadd
                0x080002cc                __adddf3
                0x08000544                __floatunsidf
                0x08000544                __aeabi_ui2d
                0x08000564                __floatsidf
                0x08000564                __aeabi_i2d
                0x08000588                __aeabi_f2d
                0x08000588                __extendsfdf2
                0x080005cc                __floatundidf
                0x080005cc                __aeabi_ul2d
                0x080005dc                __floatdidf
                0x080005dc                __aeabi_l2d
 .text          0x08000638       0x30 C:/ST/STM32CubeIDE_2.0.0/STM32CubeIDE/plugins/com.st.stm32cube.ide.mcu.externaltools.gnu-tools-for-stm32.13.3.rel1.win32_1.0.100.202509120712/tools/bin/../lib/gcc/arm-none-eabi/13.3.1/thumb/v7e-m+fp/hard\libgcc.a(_aeabi_uldivmod.o)
                0x08000638                __aeabi_uldivmod
 .text          0x08000668      0x2f8 C:/ST/STM32CubeIDE_2.0.0/STM32CubeIDE/plugins/com.st.stm32cube.ide.mcu.externaltools.gnu-tools-for-stm32.13.3.rel1.win32_1.0.100.202509120712/tools/bin/../lib/gcc/arm-none-eabi/13.3.1/thumb/v7e-m+fp/hard\libgcc.a(_udivmoddi4.o)
                0x08000668                __udivmoddi4
 .text          0x08000960        0x4 C:/ST/STM32CubeIDE_2.0.0/STM32CubeIDE/plugins/com.st.stm32cube.ide.mcu.externaltools.gnu-tools-for-stm32.13.3.rel1.win32_1.0.100.202509120712/tools/bin/../lib/gcc/arm-none-eabi/13.3.1/thumb/v7e-m+fp/hard\libgcc.a(_dvmd_tls.o)
                0x08000960                __aeabi_idiv0
                0x08000960                __aeabi_ldiv0
 *(.text*)
 .text.Encoder_Init
                0x08000964       0x2c ./Core/Src/encoder.o
                0x08000964                Encoder_Init
 .text.Motor_SetSpeed
                0x08000990       0xb4 ./Core/Src/encoder.o
                0x08000990                Motor_SetSpeed
 .text.Motor_Stop
                0x08000a44       0x10 ./Core/Src/encoder.o
                0x08000a44                Motor_Stop
 .text.Motor_GetPWM
                0x08000a54       0x18 ./Core/Src/encoder.o
                0x08000a54                Motor_GetPWM
 .text.Motor_GetDirection
                0x08000a6c       0x18 ./Core/Src/encoder.o
                0x08000a6c                Motor_GetDirection
 .text.main     0x08000a84       0xc8 ./Core/Src/main.o
                0x08000a84                main
 .text.HAL_TIM_IC_CaptureCallback
                0x08000b4c       0x16 ./Core/Src/main.o
                0x08000b4c                HAL_TIM_IC_CaptureCallback
 *fill*         0x08000b62        0x2 
 .text.HAL_UART_RxCpltCallback
                0x08000b64       0x24 ./Core/Src/main.o
                0x08000b64                HAL_UART_RxCpltCallback
 .text.SystemClock_Config
                0x08000b88       0xe4 ./Core/Src/main.o
                0x08000b88                SystemClock_Config
 .text.MX_TIM2_Init
                0x08000c6c       0xec ./Core/Src/main.o
 .text.MX_TIM3_Init
                0x08000d58       0xf0 ./Core/Src/main.o
 .text.MX_TIM4_Init
                0x08000e48       0xe0 ./Core/Src/main.o
 .text.MX_USART2_UART_Init
                0x08000f28       0x54 ./Core/Src/main.o
 .text.MX_GPIO_Init
                0x08000f7c      0x12c ./Core/Src/main.o
 .text.Error_Handler
                0x080010a8        0xc ./Core/Src/main.o
                0x080010a8                Error_Handler
 .text.Serial_Init
                0x080010b4       0x2c ./Core/Src/serial_communication.o
                0x080010b4                Serial_Init
 .text.Serial_SendAll
                0x080010e0       0x70 ./Core/Src/serial_communication.o
                0x080010e0                Serial_SendAll
 .text.Serial_RxCallback
                0x08001150       0xac ./Core/Src/serial_communication.o
                0x08001150                Serial_RxCallback
 .text.Servo_Init
                0x080011fc       0x2c ./Core/Src/servo.o
                0x080011fc                Servo_Init
 .text.Servo_SetPulse
                0x08001228       0x4c ./Core/Src/servo.o
                0x08001228                Servo_SetPulse
 .text.Servo_Center
                0x08001274       0x10 ./Core/Src/servo.o
                0x08001274                Servo_Center
 .text.Servo_GetPulse
                0x08001284       0x18 ./Core/Src/servo.o
                0x08001284                Servo_GetPulse
 .text.HAL_MspInit
                0x0800129c       0x50 ./Core/Src/stm32f4xx_hal_msp.o
                0x0800129c                HAL_MspInit
 .text.HAL_TIM_Base_MspInit
                0x080012ec       0xf4 ./Core/Src/stm32f4xx_hal_msp.o
                0x080012ec                HAL_TIM_Base_MspInit
 .text.HAL_TIM_MspPostInit
                0x080013e0       0xbc ./Core/Src/stm32f4xx_hal_msp.o
                0x080013e0                HAL_TIM_MspPostInit
 .text.HAL_UART_MspInit
                0x0800149c       0xa0 ./Core/Src/stm32f4xx_hal_msp.o
                0x0800149c                HAL_UART_MspInit
 .text.NMI_Handler
                0x0800153c        0x8 ./Core/Src/stm32f4xx_it.o
                0x0800153c                NMI_Handler
 .text.HardFault_Handler
                0x08001544        0x8 ./Core/Src/stm32f4xx_it.o
                0x08001544                HardFault_Handler
 .text.MemManage_Handler
                0x0800154c        0x8 ./Core/Src/stm32f4xx_it.o
                0x0800154c                MemManage_Handler
 .text.BusFault_Handler
                0x08001554        0x8 ./Core/Src/stm32f4xx_it.o
                0x08001554                BusFault_Handler
 .text.UsageFault_Handler
                0x0800155c        0x8 ./Core/Src/stm32f4xx_it.o
                0x0800155c                UsageFault_Handler
 .text.SVC_Handler
                0x08001564        0xe ./Core/Src/stm32f4xx_it.o
                0x08001564                SVC_Handler
 .text.DebugMon_Handler
                0x08001572        0xe ./Core/Src/stm32f4xx_it.o
                0x08001572                DebugMon_Handler
 .text.PendSV_Handler
                0x08001580        0xe ./Core/Src/stm32f4xx_it.o
                0x08001580                PendSV_Handler
 .text.SysTick_Handler
                0x0800158e        0xc ./Core/Src/stm32f4xx_it.o
                0x0800158e                SysTick_Handler
 *fill*         0x0800159a        0x2 
 .text.TIM4_IRQHandler
                0x0800159c       0x14 ./Core/Src/stm32f4xx_it.o
                0x0800159c                TIM4_IRQHandler
 .text.USART2_IRQHandler
                0x080015b0       0x14 ./Core/Src/stm32f4xx_it.o
                0x080015b0                USART2_IRQHandler
 .text.Supersonic_Init
                0x080015c4       0x28 ./Core/Src/supersonic.o
                0x080015c4                Supersonic_Init
 .text.Supersonic_Trigger
                0x080015ec       0x30 ./Core/Src/supersonic.o
                0x080015ec                Supersonic_Trigger
 .text.Supersonic_CaptureCallback
                0x0800161c       0xe0 ./Core/Src/supersonic.o
                0x0800161c                Supersonic_CaptureCallback
 .text.Supersonic_GetDistance
                0x080016fc       0x1c ./Core/Src/supersonic.o
                0x080016fc                Supersonic_GetDistance
 .text._sbrk    0x08001718       0x6c ./Core/Src/sysmem.o
                0x08001718                _sbrk
 .text.SystemInit
                0x08001784       0x24 ./Core/Src/system_stm32f4xx.o
                0x08001784                SystemInit
 .text.Reset_Handler
                0x080017a8       0x50 ./Core/Startup/startup_stm32f446retx.o
                0x080017a8                Reset_Handler
 .text.Default_Handler
                0x080017f8        0x2 ./Core/Startup/startup_stm32f446retx.o
                0x080017f8                RTC_Alarm_IRQHandler
                0x080017f8                EXTI2_IRQHandler
                0x080017f8                TIM8_CC_IRQHandler
                0x080017f8                FMPI2C1_EV_IRQHandler
                0x080017f8                SPI4_IRQHandler
                0x080017f8                TIM1_CC_IRQHandler
                0x080017f8                DMA2_Stream5_IRQHandler
                0x080017f8                DMA1_Stream5_IRQHandler
                0x080017f8                PVD_IRQHandler
                0x080017f8                SDIO_IRQHandler
                0x080017f8                TAMP_STAMP_IRQHandler
                0x080017f8                CAN2_RX1_IRQHandler
                0x080017f8                EXTI3_IRQHandler
                0x080017f8                TIM8_TRG_COM_TIM14_IRQHandler
                0x080017f8                TIM1_UP_TIM10_IRQHandler
                0x080017f8                TIM8_UP_TIM13_IRQHandler
                0x080017f8                I2C3_ER_IRQHandler
                0x080017f8                EXTI0_IRQHandler
                0x080017f8                I2C2_EV_IRQHandler
                0x080017f8                DMA1_Stream2_IRQHandler
                0x080017f8                CAN1_RX0_IRQHandler
                0x080017f8                FPU_IRQHandler
                0x080017f8                OTG_HS_WKUP_IRQHandler
                0x080017f8                CAN2_SCE_IRQHandler
                0x080017f8                DMA2_Stream2_IRQHandler
                0x080017f8                SPI1_IRQHandler
                0x080017f8                TIM6_DAC_IRQHandler
                0x080017f8                TIM1_BRK_TIM9_IRQHandler
                0x080017f8                DCMI_IRQHandler
                0x080017f8                CAN2_RX0_IRQHandler
                0x080017f8                DMA2_Stream3_IRQHandler
                0x080017f8                SAI2_IRQHandler
                0x080017f8                USART6_IRQHandler
                0x080017f8                USART3_IRQHandler
                0x080017f8                CAN1_RX1_IRQHandler
                0x080017f8                UART5_IRQHandler
                0x080017f8                DMA2_Stream0_IRQHandler
                0x080017f8                QUADSPI_IRQHandler
                0x080017f8                I2C1_EV_IRQHandler
                0x080017f8                DMA1_Stream6_IRQHandler
                0x080017f8                DMA1_Stream1_IRQHandler
                0x080017f8                UART4_IRQHandler
                0x080017f8                TIM3_IRQHandler
                0x080017f8                RCC_IRQHandler
                0x080017f8                TIM8_BRK_TIM12_IRQHandler
                0x080017f8                Default_Handler
                0x080017f8                CEC_IRQHandler
                0x080017f8                EXTI15_10_IRQHandler
                0x080017f8                ADC_IRQHandler
                0x080017f8                DMA1_Stream7_IRQHandler
                0x080017f8                TIM7_IRQHandler
                0x080017f8                CAN2_TX_IRQHandler
                0x080017f8                TIM5_IRQHandler
                0x080017f8                DMA2_Stream7_IRQHandler
                0x080017f8                I2C3_EV_IRQHandler
                0x080017f8                EXTI9_5_IRQHandler
                0x080017f8                RTC_WKUP_IRQHandler
                0x080017f8                SPDIF_RX_IRQHandler
                0x080017f8                SPI2_IRQHandler
                0x080017f8                OTG_HS_EP1_IN_IRQHandler
                0x080017f8                DMA1_Stream0_IRQHandler
                0x080017f8                CAN1_TX_IRQHandler
                0x080017f8                FMPI2C1_ER_IRQHandler
                0x080017f8                EXTI4_IRQHandler
                0x080017f8                OTG_HS_EP1_OUT_IRQHandler
                0x080017f8                WWDG_IRQHandler
                0x080017f8                TIM2_IRQHandler
                0x080017f8                OTG_FS_WKUP_IRQHandler
                0x080017f8                TIM1_TRG_COM_TIM11_IRQHandler
                0x080017f8                OTG_HS_IRQHandler
                0x080017f8                EXTI1_IRQHandler
                0x080017f8                I2C2_ER_IRQHandler
                0x080017f8                DMA2_Stream1_IRQHandler
                0x080017f8                CAN1_SCE_IRQHandler
                0x080017f8                FLASH_IRQHandler
                0x080017f8                DMA2_Stream4_IRQHandler
                0x080017f8                USART1_IRQHandler
                0x080017f8                OTG_FS_IRQHandler
                0x080017f8                SPI3_IRQHandler
                0x080017f8                DMA1_Stream4_IRQHandler
                0x080017f8                I2C1_ER_IRQHandler
                0x080017f8                FMC_IRQHandler
                0x080017f8                DMA2_Stream6_IRQHandler
                0x080017f8                SAI1_IRQHandler
                0x080017f8                DMA1_Stream3_IRQHandler
 *fill*         0x080017fa        0x2 
 .text.HAL_Init
                0x080017fc       0x44 ./Drivers/STM32F4xx_HAL_Driver/Src/stm32f4xx_hal.o
                0x080017fc                HAL_Init
 .text.HAL_InitTick
                0x08001840       0x60 ./Drivers/STM32F4xx_HAL_Driver/Src/stm32f4xx_hal.o
                0x08001840                HAL_InitTick
 .text.HAL_IncTick
                0x080018a0       0x28 ./Drivers/STM32F4xx_HAL_Driver/Src/stm32f4xx_hal.o
                0x080018a0                HAL_IncTick
 .text.HAL_GetTick
                0x080018c8       0x18 ./Drivers/STM32F4xx_HAL_Driver/Src/stm32f4xx_hal.o
                0x080018c8                HAL_GetTick
 .text.HAL_Delay
                0x080018e0       0x48 ./Drivers/STM32F4xx_HAL_Driver/Src/stm32f4xx_hal.o
                0x080018e0                HAL_Delay
 .text.__NVIC_SetPriorityGrouping
                0x08001928       0x48 ./Drivers/STM32F4xx_HAL_Driver/Src/stm32f4xx_hal_cortex.o
 .text.__NVIC_GetPriorityGrouping
                0x08001970       0x1c ./Drivers/STM32F4xx_HAL_Driver/Src/stm32f4xx_hal_cortex.o
 .text.__NVIC_EnableIRQ
                0x0800198c       0x3c ./Drivers/STM32F4xx_HAL_Driver/Src/stm32f4xx_hal_cortex.o
 .text.__NVIC_SetPriority
                0x080019c8       0x54 ./Drivers/STM32F4xx_HAL_Driver/Src/stm32f4xx_hal_cortex.o
 .text.NVIC_EncodePriority
                0x08001a1c       0x66 ./Drivers/STM32F4xx_HAL_Driver/Src/stm32f4xx_hal_cortex.o
 *fill*         0x08001a82        0x2 
 .text.SysTick_Config
                0x08001a84       0x44 ./Drivers/STM32F4xx_HAL_Driver/Src/stm32f4xx_hal_cortex.o
 .text.HAL_NVIC_SetPriorityGrouping
                0x08001ac8       0x16 ./Drivers/STM32F4xx_HAL_Driver/Src/stm32f4xx_hal_cortex.o
                0x08001ac8                HAL_NVIC_SetPriorityGrouping
 .text.HAL_NVIC_SetPriority
                0x08001ade       0x38 ./Drivers/STM32F4xx_HAL_Driver/Src/stm32f4xx_hal_cortex.o
                0x08001ade                HAL_NVIC_SetPriority
 .text.HAL_NVIC_EnableIRQ
                0x08001b16       0x1c ./Drivers/STM32F4xx_HAL_Driver/Src/stm32f4xx_hal_cortex.o
                0x08001b16                HAL_NVIC_EnableIRQ
 .text.HAL_SYSTICK_Config
                0x08001b32       0x18 ./Drivers/STM32F4xx_HAL_Driver/Src/stm32f4xx_hal_cortex.o
                0x08001b32                HAL_SYSTICK_Config
 .text.HAL_DMA_Abort
                0x08001b4a       0xe0 ./Drivers/STM32F4xx_HAL_Driver/Src/stm32f4xx_hal_dma.o
                0x08001b4a                HAL_DMA_Abort
 .text.HAL_DMA_Abort_IT
                0x08001c2a       0x44 ./Drivers/STM32F4xx_HAL_Driver/Src/stm32f4xx_hal_dma.o
                0x08001c2a                HAL_DMA_Abort_IT
 *fill*         0x08001c6e        0x2 
 .text.HAL_GPIO_Init
                0x08001c70      0x328 ./Drivers/STM32F4xx_HAL_Driver/Src/stm32f4xx_hal_gpio.o
                0x08001c70                HAL_GPIO_Init
 .text.HAL_GPIO_ReadPin
                0x08001f98       0x30 ./Drivers/STM32F4xx_HAL_Driver/Src/stm32f4xx_hal_gpio.o
                0x08001f98                HAL_GPIO_ReadPin
 .text.HAL_GPIO_WritePin
                0x08001fc8       0x32 ./Drivers/STM32F4xx_HAL_Driver/Src/stm32f4xx_hal_gpio.o
                0x08001fc8                HAL_GPIO_WritePin
 *fill*         0x08001ffa        0x2 
 .text.HAL_PWREx_EnableOverDrive
                0x08001ffc       0xa0 ./Drivers/STM32F4xx_HAL_Driver/Src/stm32f4xx_hal_pwr_ex.o
                0x08001ffc                HAL_PWREx_EnableOverDrive
 .text.HAL_RCC_ClockConfig
                0x0800209c      0x1cc ./Drivers/STM32F4xx_HAL_Driver/Src/stm32f4xx_hal_rcc.o
                0x0800209c                HAL_RCC_ClockConfig
 .text.HAL_RCC_GetHCLKFreq
                0x08002268       0x18 ./Drivers/STM32F4xx_HAL_Driver/Src/stm32f4xx_hal_rcc.o
                0x08002268                HAL_RCC_GetHCLKFreq
 .text.HAL_RCC_GetPCLK1Freq
                0x08002280       0x28 ./Drivers/STM32F4xx_HAL_Driver/Src/stm32f4xx_hal_rcc.o
                0x08002280                HAL_RCC_GetPCLK1Freq
 .text.HAL_RCC_GetPCLK2Freq
                0x080022a8       0x28 ./Drivers/STM32F4xx_HAL_Driver/Src/stm32f4xx_hal_rcc.o
                0x080022a8                HAL_RCC_GetPCLK2Freq
 .text.HAL_RCC_GetSysClockFreq
                0x080022d0      0x460 ./Drivers/STM32F4xx_HAL_Driver/Src/stm32f4xx_hal_rcc_ex.o
                0x080022d0                HAL_RCC_GetSysClockFreq
 .text.HAL_RCC_OscConfig
                0x08002730      0x53c ./Drivers/STM32F4xx_HAL_Driver/Src/stm32f4xx_hal_rcc_ex.o
                0x08002730                HAL_RCC_OscConfig
 .text.HAL_TIM_Base_Init
                0x08002c6c       0x9e ./Drivers/STM32F4xx_HAL_Driver/Src/stm32f4xx_hal_tim.o
                0x08002c6c                HAL_TIM_Base_Init
 .text.HAL_TIM_PWM_Init
                0x08002d0a       0x9e ./Drivers/STM32F4xx_HAL_Driver/Src/stm32f4xx_hal_tim.o
                0x08002d0a                HAL_TIM_PWM_Init
 .text.HAL_TIM_PWM_MspInit
                0x08002da8       0x14 ./Drivers/STM32F4xx_HAL_Driver/Src/stm32f4xx_hal_tim.o
                0x08002da8                HAL_TIM_PWM_MspInit
 .text.HAL_TIM_PWM_Start
                0x08002dbc      0x190 ./Drivers/STM32F4xx_HAL_Driver/Src/stm32f4xx_hal_tim.o
                0x08002dbc                HAL_TIM_PWM_Start
 .text.HAL_TIM_IC_Init
                0x08002f4c       0x9e ./Drivers/STM32F4xx_HAL_Driver/Src/stm32f4xx_hal_tim.o
                0x08002f4c                HAL_TIM_IC_Init
 .text.HAL_TIM_IC_MspInit
                0x08002fea       0x14 ./Drivers/STM32F4xx_HAL_Driver/Src/stm32f4xx_hal_tim.o
                0x08002fea                HAL_TIM_IC_MspInit
 *fill*         0x08002ffe        0x2 
 .text.HAL_TIM_IC_Start_IT
                0x08003000      0x250 ./Drivers/STM32F4xx_HAL_Driver/Src/stm32f4xx_hal_tim.o
                0x08003000                HAL_TIM_IC_Start_IT
 .text.HAL_TIM_IRQHandler
                0x08003250      0x1e0 ./Drivers/STM32F4xx_HAL_Driver/Src/stm32f4xx_hal_tim.o
                0x08003250                HAL_TIM_IRQHandler
 .text.HAL_TIM_IC_ConfigChannel
                0x08003430      0x138 ./Drivers/STM32F4xx_HAL_Driver/Src/stm32f4xx_hal_tim.o
                0x08003430                HAL_TIM_IC_ConfigChannel
 .text.HAL_TIM_PWM_ConfigChannel
                0x08003568      0x184 ./Drivers/STM32F4xx_HAL_Driver/Src/stm32f4xx_hal_tim.o
                0x08003568                HAL_TIM_PWM_ConfigChannel
 .text.HAL_TIM_ConfigClockSource
                0x080036ec      0x18e ./Drivers/STM32F4xx_HAL_Driver/Src/stm32f4xx_hal_tim.o
                0x080036ec                HAL_TIM_ConfigClockSource
 *fill*         0x0800387a        0x2 
 .text.HAL_TIM_ReadCapturedValue
                0x0800387c       0x88 ./Drivers/STM32F4xx_HAL_Driver/Src/stm32f4xx_hal_tim.o
                0x0800387c                HAL_TIM_ReadCapturedValue
 .text.HAL_TIM_PeriodElapsedCallback
                0x08003904       0x14 ./Drivers/STM32F4xx_HAL_Driver/Src/stm32f4xx_hal_tim.o
                0x08003904                HAL_TIM_PeriodElapsedCallback
 .text.HAL_TIM_OC_DelayElapsedCallback
                0x08003918       0x14 ./Drivers/STM32F4xx_HAL_Driver/Src/stm32f4xx_hal_tim.o
                0x08003918                HAL_TIM_OC_DelayElapsedCallback
 .text.HAL_TIM_PWM_PulseFinishedCallback
                0x0800392c       0x14 ./Drivers/STM32F4xx_HAL_Driver/Src/stm32f4xx_hal_tim.o
                0x0800392c                HAL_TIM_PWM_PulseFinishedCallback
 .text.HAL_TIM_TriggerCallback
                0x08003940       0x14 ./Drivers/STM32F4xx_HAL_Driver/Src/stm32f4xx_hal_tim.o
                0x08003940                HAL_TIM_TriggerCallback
 .text.TIM_Base_SetConfig
                0x08003954      0x14c ./Drivers/STM32F4xx_HAL_Driver/Src/stm32f4xx_hal_tim.o
                0x08003954                TIM_Base_SetConfig
 .text.TIM_OC1_SetConfig
                0x08003aa0       0xe0 ./Drivers/STM32F4xx_HAL_Driver/Src/stm32f4xx_hal_tim.o
 .text.TIM_OC2_SetConfig
                0x08003b80       0xec ./Drivers/STM32F4xx_HAL_Driver/Src/stm32f4xx_hal_tim.o
                0x08003b80                TIM_OC2_SetConfig
 .text.TIM_OC3_SetConfig
                0x08003c6c       0xe8 ./Drivers/STM32F4xx_HAL_Driver/Src/stm32f4xx_hal_tim.o
 .text.TIM_OC4_SetConfig
                0x08003d54       0xac ./Drivers/STM32F4xx_HAL_Driver/Src/stm32f4xx_hal_tim.o
 .text.TIM_TI1_SetConfig
                0x08003e00       0xe8 ./Drivers/STM32F4xx_HAL_Driver/Src/stm32f4xx_hal_tim.o
                0x08003e00                TIM_TI1_SetConfig
 .text.TIM_TI1_ConfigInputStage
                0x08003ee8       0x5e ./Drivers/STM32F4xx_HAL_Driver/Src/stm32f4xx_hal_tim.o
 .text.TIM_TI2_SetConfig
                0x08003f46       0x7a ./Drivers/STM32F4xx_HAL_Driver/Src/stm32f4xx_hal_tim.o
 .text.TIM_TI2_ConfigInputStage
                0x08003fc0       0x60 ./Drivers/STM32F4xx_HAL_Driver/Src/stm32f4xx_hal_tim.o
 .text.TIM_TI3_SetConfig
                0x08004020       0x78 ./Drivers/STM32F4xx_HAL_Driver/Src/stm32f4xx_hal_tim.o
 .text.TIM_TI4_SetConfig
                0x08004098       0x7a ./Drivers/STM32F4xx_HAL_Driver/Src/stm32f4xx_hal_tim.o
 .text.TIM_ITRx_SetConfig
                0x08004112       0x36 ./Drivers/STM32F4xx_HAL_Driver/Src/stm32f4xx_hal_tim.o
 .text.TIM_ETR_SetConfig
                0x08004148       0x40 ./Drivers/STM32F4xx_HAL_Driver/Src/stm32f4xx_hal_tim.o
                0x08004148                TIM_ETR_SetConfig
 .text.TIM_CCxChannelCmd
                0x08004188       0x4a ./Drivers/STM32F4xx_HAL_Driver/Src/stm32f4xx_hal_tim.o
                0x08004188                TIM_CCxChannelCmd
 *fill*         0x080041d2        0x2 
 .text.HAL_TIMEx_MasterConfigSynchronization
                0x080041d4       0xf8 ./Drivers/STM32F4xx_HAL_Driver/Src/stm32f4xx_hal_tim_ex.o
                0x080041d4                HAL_TIMEx_MasterConfigSynchronization
 .text.HAL_TIMEx_CommutCallback
                0x080042cc       0x14 ./Drivers/STM32F4xx_HAL_Driver/Src/stm32f4xx_hal_tim_ex.o
                0x080042cc                HAL_TIMEx_CommutCallback
 .text.HAL_TIMEx_BreakCallback
                0x080042e0       0x14 ./Drivers/STM32F4xx_HAL_Driver/Src/stm32f4xx_hal_tim_ex.o
                0x080042e0                HAL_TIMEx_BreakCallback
 .text.HAL_UART_Init
                0x080042f4       0xa0 ./Drivers/STM32F4xx_HAL_Driver/Src/stm32f4xx_hal_uart.o
                0x080042f4                HAL_UART_Init
 .text.HAL_UART_Transmit
                0x08004394      0x116 ./Drivers/STM32F4xx_HAL_Driver/Src/stm32f4xx_hal_uart.o
                0x08004394                HAL_UART_Transmit
 .text.HAL_UART_Receive_IT
                0x080044aa       0x4a ./Drivers/STM32F4xx_HAL_Driver/Src/stm32f4xx_hal_uart.o
                0x080044aa                HAL_UART_Receive_IT
 .text.HAL_UART_IRQHandler
                0x080044f4      0x554 ./Drivers/STM32F4xx_HAL_Driver/Src/stm32f4xx_hal_uart.o
                0x080044f4                HAL_UART_IRQHandler
 .text.HAL_UART_TxCpltCallback
                0x08004a48       0x14 ./Drivers/STM32F4xx_HAL_Driver/Src/stm32f4xx_hal_uart.o
                0x08004a48                HAL_UART_TxCpltCallback
 .text.HAL_UART_ErrorCallback
                0x08004a5c       0x14 ./Drivers/STM32F4xx_HAL_Driver/Src/stm32f4xx_hal_uart.o
                0x08004a5c                HAL_UART_ErrorCallback
 .text.HAL_UARTEx_RxEventCallback
                0x08004a70       0x18 ./Drivers/STM32F4xx_HAL_Driver/Src/stm32f4xx_hal_uart.o
                0x08004a70                HAL_UARTEx_RxEventCallback
 .text.UART_WaitOnFlagUntilTimeout
                0x08004a88       0xb2 ./Drivers/STM32F4xx_HAL_Driver/Src/stm32f4xx_hal_uart.o
 .text.UART_Start_Receive_IT
                0x08004b3a       0x74 ./Drivers/STM32F4xx_HAL_Driver/Src/stm32f4xx_hal_uart.o
                0x08004b3a                UART_Start_Receive_IT
 .text.UART_EndRxTransfer
                0x08004bae       0xc6 ./Drivers/STM32F4xx_HAL_Driver/Src/stm32f4xx_hal_uart.o
 .text.UART_DMAAbortOnError
                0x08004c74       0x22 ./Drivers/STM32F4xx_HAL_Driver/Src/stm32f4xx_hal_uart.o
 .text.UART_Transmit_IT
                0x08004c96       0xa0 ./Drivers/STM32F4xx_HAL_Driver/Src/stm32f4xx_hal_uart.o
 .text.UART_EndTransmit_IT
                0x08004d36       0x30 ./Drivers/STM32F4xx_HAL_Driver/Src/stm32f4xx_hal_uart.o
 .text.UART_Receive_IT
                0x08004d66      0x17c ./Drivers/STM32F4xx_HAL_Driver/Src/stm32f4xx_hal_uart.o
 *fill*         0x08004ee2        0x2 
 .text.UART_SetConfig
                0x08004ee4      0x4e8 ./Drivers/STM32F4xx_HAL_Driver/Src/stm32f4xx_hal_uart.o
 .text.snprintf
                0x080053cc       0x6c C:/ST/STM32CubeIDE_2.0.0/STM32CubeIDE/plugins/com.st.stm32cube.ide.mcu.externaltools.gnu-tools-for-stm32.13.3.rel1.win32_1.0.100.202509120712/tools/bin/../lib/gcc/arm-none-eabi/13.3.1/../../../../arm-none-eabi/lib/thumb/v7e-m+fp/hard\libc_nano.a(libc_a-snprintf.o)
                0x080053cc                sniprintf
                0x080053cc                snprintf
 .text.sscanf   0x08005438       0x58 C:/ST/STM32CubeIDE_2.0.0/STM32CubeIDE/plugins/com.st.stm32cube.ide.mcu.externaltools.gnu-tools-for-stm32.13.3.rel1.win32_1.0.100.202509120712/tools/bin/../lib/gcc/arm-none-eabi/13.3.1/../../../../arm-none-eabi/lib/thumb/v7e-m+fp/hard\libc_nano.a(libc_a-sscanf.o)
                0x08005438                siscanf
                0x08005438                sscanf
 .text.__seofread
                0x08005490        0x4 C:/ST/STM32CubeIDE_2.0.0/STM32CubeIDE/plugins/com.st.stm32cube.ide.mcu.externaltools.gnu-tools-for-stm32.13.3.rel1.win32_1.0.100.202509120712/tools/bin/../lib/gcc/arm-none-eabi/13.3.1/../../../../arm-none-eabi/lib/thumb/v7e-m+fp/hard\libc_nano.a(libc_a-stdio.o)
                0x08005490                __seofread
 .text.memset   0x08005494       0x10 C:/ST/STM32CubeIDE_2.0.0/STM32CubeIDE/plugins/com.st.stm32cube.ide.mcu.externaltools.gnu-tools-for-stm32.13.3.rel1.win32_1.0.100.202509120712/tools/bin/../lib/gcc/arm-none-eabi/13.3.1/../../../../arm-none-eabi/lib/thumb/v7e-m+fp/hard\libc_nano.a(libc_a-memset.o)
                0x08005494                memset
 .text.__errno  0x080054a4        0xc C:/ST/STM32CubeIDE_2.0.0/STM32CubeIDE/plugins/com.st.stm32cube.ide.mcu.externaltools.gnu-tools-for-stm32.13.3.rel1.win32_1.0.100.202509120712/tools/bin/../lib/gcc/arm-none-eabi/13.3.1/../../../../arm-none-eabi/lib/thumb/v7e-m+fp/hard\libc_nano.a(libc_a-errno.o)
                0x080054a4                __errno
 .text.__libc_init_array
                0x080054b0       0x48 C:/ST/STM32CubeIDE_2.0.0/STM32CubeIDE/plugins/com.st.stm32cube.ide.mcu.externaltools.gnu-tools-for-stm32.13.3.rel1.win32_1.0.100.202509120712/tools/bin/../lib/gcc/arm-none-eabi/13.3.1/../../../../arm-none-eabi/lib/thumb/v7e-m+fp/hard\libc_nano.a(libc_a-init.o)
                0x080054b0                __libc_init_array
 .text.__retarget_lock_acquire_recursive
                0x080054f8        0x2 C:/ST/STM32CubeIDE_2.0.0/STM32CubeIDE/plugins/com.st.stm32cube.ide.mcu.externaltools.gnu-tools-for-stm32.13.3.rel1.win32_1.0.100.202509120712/tools/bin/../lib/gcc/arm-none-eabi/13.3.1/../../../../arm-none-eabi/lib/thumb/v7e-m+fp/hard\libc_nano.a(libc_a-lock.o)
                0x080054f8                __retarget_lock_acquire_recursive
 .text.__retarget_lock_release_recursive
                0x080054fa        0x2 C:/ST/STM32CubeIDE_2.0.0/STM32CubeIDE/plugins/com.st.stm32cube.ide.mcu.externaltools.gnu-tools-for-stm32.13.3.rel1.win32_1.0.100.202509120712/tools/bin/../lib/gcc/arm-none-eabi/13.3.1/../../../../arm-none-eabi/lib/thumb/v7e-m+fp/hard\libc_nano.a(libc_a-lock.o)
                0x080054fa                __retarget_lock_release_recursive
 .text._free_r  0x080054fc       0x94 C:/ST/STM32CubeIDE_2.0.0/STM32CubeIDE/plugins/com.st.stm32cube.ide.mcu.externaltools.gnu-tools-for-stm32.13.3.rel1.win32_1.0.100.202509120712/tools/bin/../lib/gcc/arm-none-eabi/13.3.1/../../../../arm-none-eabi/lib/thumb/v7e-m+fp/hard\libc_nano.a(libc_a-freer.o)
                0x080054fc                _free_r
 .text.sbrk_aligned
                0x08005590       0x44 C:/ST/STM32CubeIDE_2.0.0/STM32CubeIDE/plugins/com.st.stm32cube.ide.mcu.externaltools.gnu-tools-for-stm32.13.3.rel1.win32_1.0.100.202509120712/tools/bin/../lib/gcc/arm-none-eabi/13.3.1/../../../../arm-none-eabi/lib/thumb/v7e-m+fp/hard\libc_nano.a(libc_a-mallocr.o)
 .text._malloc_r
                0x080055d4      0x100 C:/ST/STM32CubeIDE_2.0.0/STM32CubeIDE/plugins/com.st.stm32cube.ide.mcu.externaltools.gnu-tools-for-stm32.13.3.rel1.win32_1.0.100.202509120712/tools/bin/../lib/gcc/arm-none-eabi/13.3.1/../../../../arm-none-eabi/lib/thumb/v7e-m+fp/hard\libc_nano.a(libc_a-mallocr.o)
                0x080055d4                _malloc_r
 .text.__malloc_lock
                0x080056d4        0xc C:/ST/STM32CubeIDE_2.0.0/STM32CubeIDE/plugins/com.st.stm32cube.ide.mcu.externaltools.gnu-tools-for-stm32.13.3.rel1.win32_1.0.100.202509120712/tools/bin/../lib/gcc/arm-none-eabi/13.3.1/../../../../arm-none-eabi/lib/thumb/v7e-m+fp/hard\libc_nano.a(libc_a-mlock.o)
                0x080056d4                __malloc_lock
 .text.__malloc_unlock
                0x080056e0        0xc C:/ST/STM32CubeIDE_2.0.0/STM32CubeIDE/plugins/com.st.stm32cube.ide.mcu.externaltools.gnu-tools-for-stm32.13.3.rel1.win32_1.0.100.202509120712/tools/bin/../lib/gcc/arm-none-eabi/13.3.1/../../../../arm-none-eabi/lib/thumb/v7e-m+fp/hard\libc_nano.a(libc_a-mlock.o)
                0x080056e0                __malloc_unlock
 .text.__ssputs_r
                0x080056ec       0xb6 C:/ST/STM32CubeIDE_2.0.0/STM32CubeIDE/plugins/com.st.stm32cube.ide.mcu.externaltools.gnu-tools-for-stm32.13.3.rel1.win32_1.0.100.202509120712/tools/bin/../lib/gcc/arm-none-eabi/13.3.1/../../../../arm-none-eabi/lib/thumb/v7e-m+fp/hard\libc_nano.a(libc_a-nano-svfprintf.o)
                0x080056ec                __ssputs_r
 *fill*         0x080057a2        0x2 
 .text._svfprintf_r
                0x080057a4      0x1f8 C:/ST/STM32CubeIDE_2.0.0/STM32CubeIDE/plugins/com.st.stm32cube.ide.mcu.externaltools.gnu-tools-for-stm32.13.3.rel1.win32_1.0.100.202509120712/tools/bin/../lib/gcc/arm-none-eabi/13.3.1/../../../../arm-none-eabi/lib/thumb/v7e-m+fp/hard\libc_nano.a(libc_a-nano-svfprintf.o)
                0x080057a4                _svfiprintf_r
                0x080057a4                _svfprintf_r
 .text._sungetc_r
                0x0800599c       0x7a C:/ST/STM32CubeIDE_2.0.0/STM32CubeIDE/plugins/com.st.stm32cube.ide.mcu.externaltools.gnu-tools-for-stm32.13.3.rel1.win32_1.0.100.202509120712/tools/bin/../lib/gcc/arm-none-eabi/13.3.1/../../../../arm-none-eabi/lib/thumb/v7e-m+fp/hard\libc_nano.a(libc_a-nano-svfscanf.o)
                0x0800599c                _sungetc_r
 .text.__ssrefill_r
                0x08005a16       0x3a C:/ST/STM32CubeIDE_2.0.0/STM32CubeIDE/plugins/com.st.stm32cube.ide.mcu.externaltools.gnu-tools-for-stm32.13.3.rel1.win32_1.0.100.202509120712/tools/bin/../lib/gcc/arm-none-eabi/13.3.1/../../../../arm-none-eabi/lib/thumb/v7e-m+fp/hard\libc_nano.a(libc_a-nano-svfscanf.o)
                0x08005a16                __ssrefill_r
 .text.__ssvfscanf_r
                0x08005a50      0x2ec C:/ST/STM32CubeIDE_2.0.0/STM32CubeIDE/plugins/com.st.stm32cube.ide.mcu.externaltools.gnu-tools-for-stm32.13.3.rel1.win32_1.0.100.202509120712/tools/bin/../lib/gcc/arm-none-eabi/13.3.1/../../../../arm-none-eabi/lib/thumb/v7e-m+fp/hard\libc_nano.a(libc_a-nano-svfscanf.o)
                0x08005a50                __ssvfiscanf_r
                0x08005a50                __ssvfscanf_r
 .text._printf_common
                0x08005d3c       0xda C:/ST/STM32CubeIDE_2.0.0/STM32CubeIDE/plugins/com.st.stm32cube.ide.mcu.externaltools.gnu-tools-for-stm32.13.3.rel1.win32_1.0.100.202509120712/tools/bin/../lib/gcc/arm-none-eabi/13.3.1/../../../../arm-none-eabi/lib/thumb/v7e-m+fp/hard\libc_nano.a(libc_a-nano-vfprintf_i.o)
                0x08005d3c                _printf_common
 *fill*         0x08005e16        0x2 
 .text._printf_i
                0x08005e18      0x23c C:/ST/STM32CubeIDE_2.0.0/STM32CubeIDE/plugins/com.st.stm32cube.ide.mcu.externaltools.gnu-tools-for-stm32.13.3.rel1.win32_1.0.100.202509120712/tools/bin/../lib/gcc/arm-none-eabi/13.3.1/../../../../arm-none-eabi/lib/thumb/v7e-m+fp/hard\libc_nano.a(libc_a-nano-vfprintf_i.o)
                0x08005e18                _printf_i
 .text._scanf_chars
                0x08006054       0xb4 C:/ST/STM32CubeIDE_2.0.0/STM32CubeIDE/plugins/com.st.stm32cube.ide.mcu.externaltools.gnu-tools-for-stm32.13.3.rel1.win32_1.0.100.202509120712/tools/bin/../lib/gcc/arm-none-eabi/13.3.1/../../../../arm-none-eabi/lib/thumb/v7e-m+fp/hard\libc_nano.a(libc_a-nano-vfscanf_i.o)
                0x08006054                _scanf_chars
 .text._scanf_i
                0x08006108      0x1e8 C:/ST/STM32CubeIDE_2.0.0/STM32CubeIDE/plugins/com.st.stm32cube.ide.mcu.externaltools.gnu-tools-for-stm32.13.3.rel1.win32_1.0.100.202509120712/tools/bin/../lib/gcc/arm-none-eabi/13.3.1/../../../../arm-none-eabi/lib/thumb/v7e-m+fp/hard\libc_nano.a(libc_a-nano-vfscanf_i.o)
                0x08006108                _scanf_i
 .text.__sccl   0x080062f0       0x72 C:/ST/STM32CubeIDE_2.0.0/STM32CubeIDE/plugins/com.st.stm32cube.ide.mcu.externaltools.gnu-tools-for-stm32.13.3.rel1.win32_1.0.100.202509120712/tools/bin/../lib/gcc/arm-none-eabi/13.3.1/../../../../arm-none-eabi/lib/thumb/v7e-m+fp/hard\libc_nano.a(libc_a-sccl.o)
                0x080062f0                __sccl
 .text.__submore
                0x08006362       0x74 C:/ST/STM32CubeIDE_2.0.0/STM32CubeIDE/plugins/com.st.stm32cube.ide.mcu.externaltools.gnu-tools-for-stm32.13.3.rel1.win32_1.0.100.202509120712/tools/bin/../lib/gcc/arm-none-eabi/13.3.1/../../../../arm-none-eabi/lib/thumb/v7e-m+fp/hard\libc_nano.a(libc_a-ungetc.o)
                0x08006362                __submore
 .text.memmove  0x080063d6       0x34 C:/ST/STM32CubeIDE_2.0.0/STM32CubeIDE/plugins/com.st.stm32cube.ide.mcu.externaltools.gnu-tools-for-stm32.13.3.rel1.win32_1.0.100.202509120712/tools/bin/../lib/gcc/arm-none-eabi/13.3.1/../../../../arm-none-eabi/lib/thumb/v7e-m+fp/hard\libc_nano.a(libc_a-memmove.o)
                0x080063d6                memmove
 *fill*         0x0800640a        0x2 
 .text._sbrk_r  0x0800640c       0x20 C:/ST/STM32CubeIDE_2.0.0/STM32CubeIDE/plugins/com.st.stm32cube.ide.mcu.externaltools.gnu-tools-for-stm32.13.3.rel1.win32_1.0.100.202509120712/tools/bin/../lib/gcc/arm-none-eabi/13.3.1/../../../../arm-none-eabi/lib/thumb/v7e-m+fp/hard\libc_nano.a(libc_a-sbrkr.o)
                0x0800640c                _sbrk_r
 .text.memcpy   0x0800642c       0x1c C:/ST/STM32CubeIDE_2.0.0/STM32CubeIDE/plugins/com.st.stm32cube.ide.mcu.externaltools.gnu-tools-for-stm32.13.3.rel1.win32_1.0.100.202509120712/tools/bin/../lib/gcc/arm-none-eabi/13.3.1/../../../../arm-none-eabi/lib/thumb/v7e-m+fp/hard\libc_nano.a(libc_a-memcpy-stub.o)
                0x0800642c                memcpy
 .text._realloc_r
                0x08006448       0x5c C:/ST/STM32CubeIDE_2.0.0/STM32CubeIDE/plugins/com.st.stm32cube.ide.mcu.externaltools.gnu-tools-for-stm32.13.3.rel1.win32_1.0.100.202509120712/tools/bin/../lib/gcc/arm-none-eabi/13.3.1/../../../../arm-none-eabi/lib/thumb/v7e-m+fp/hard\libc_nano.a(libc_a-reallocr.o)
                0x08006448                _realloc_r
 .text._strtol_l.isra.0
                0x080064a4       0xf4 C:/ST/STM32CubeIDE_2.0.0/STM32CubeIDE/plugins/com.st.stm32cube.ide.mcu.externaltools.gnu-tools-for-stm32.13.3.rel1.win32_1.0.100.202509120712/tools/bin/../lib/gcc/arm-none-eabi/13.3.1/../../../../arm-none-eabi/lib/thumb/v7e-m+fp/hard\libc_nano.a(libc_a-strtol.o)
 .text._strtol_r
                0x08006598        0x4 C:/ST/STM32CubeIDE_2.0.0/STM32CubeIDE/plugins/com.st.stm32cube.ide.mcu.externaltools.gnu-tools-for-stm32.13.3.rel1.win32_1.0.100.202509120712/tools/bin/../lib/gcc/arm-none-eabi/13.3.1/../../../../arm-none-eabi/lib/thumb/v7e-m+fp/hard\libc_nano.a(libc_a-strtol.o)
                0x08006598                _strtol_r
 .text._strtoul_l.isra.0
                0x0800659c       0xdc C:/ST/STM32CubeIDE_2.0.0/STM32CubeIDE/plugins/com.st.stm32cube.ide.mcu.externaltools.gnu-tools-for-stm32.13.3.rel1.win32_1.0.100.202509120712/tools/bin/../lib/gcc/arm-none-eabi/13.3.1/../../../../arm-none-eabi/lib/thumb/v7e-m+fp/hard\libc_nano.a(libc_a-strtoul.o)
 .text._strtoul_r
                0x08006678        0x4 C:/ST/STM32CubeIDE_2.0.0/STM32CubeIDE/plugins/com.st.stm32cube.ide.mcu.externaltools.gnu-tools-for-stm32.13.3.rel1.win32_1.0.100.202509120712/tools/bin/../lib/gcc/arm-none-eabi/13.3.1/../../../../arm-none-eabi/lib/thumb/v7e-m+fp/hard\libc_nano.a(libc_a-strtoul.o)
                0x08006678                _strtoul_r
 .text._malloc_usable_size_r
                0x0800667c       0x10 C:/ST/STM32CubeIDE_2.0.0/STM32CubeIDE/plugins/com.st.stm32cube.ide.mcu.externaltools.gnu-tools-for-stm32.13.3.rel1.win32_1.0.100.202509120712/tools/bin/../lib/gcc/arm-none-eabi/13.3.1/../../../../arm-none-eabi/lib/thumb/v7e-m+fp/hard\libc_nano.a(libc_a-msizer.o)
                0x0800667c                _malloc_usable_size_r
 *(.glue_7)
 .glue_7        0x0800668c        0x0 linker stubs
 *(.glue_7t)
 .glue_7t       0x0800668c        0x0 linker stubs
 *(.eh_frame)
 .eh_frame      0x0800668c        0x0 C:/ST/STM32CubeIDE_2.0.0/STM32CubeIDE/plugins/com.st.stm32cube.ide.mcu.externaltools.gnu-tools-for-stm32.13.3.rel1.win32_1.0.100.202509120712/tools/bin/../lib/gcc/arm-none-eabi/13.3.1/thumb/v7e-m+fp/hard/crtbegin.o
 *(.init)
 .init          0x0800668c        0x4 C:/ST/STM32CubeIDE_2.0.0/STM32CubeIDE/plugins/com.st.stm32cube.ide.mcu.externaltools.gnu-tools-for-stm32.13.3.rel1.win32_1.0.100.202509120712/tools/bin/../lib/gcc/arm-none-eabi/13.3.1/thumb/v7e-m+fp/hard/crti.o
                0x0800668c                _init
 .init          0x08006690        0x8 C:/ST/STM32CubeIDE_2.0.0/STM32CubeIDE/plugins/com.st.stm32cube.ide.mcu.externaltools.gnu-tools-for-stm32.13.3.rel1.win32_1.0.100.202509120712/tools/bin/../lib/gcc/arm-none-eabi/13.3.1/thumb/v7e-m+fp/hard/crtn.o
 *(.fini)
 .fini          0x08006698        0x4 C:/ST/STM32CubeIDE_2.0.0/STM32CubeIDE/plugins/com.st.stm32cube.ide.mcu.externaltools.gnu-tools-for-stm32.13.3.rel1.win32_1.0.100.202509120712/tools/bin/../lib/gcc/arm-none-eabi/13.3.1/thumb/v7e-m+fp/hard/crti.o
                0x08006698                _fini
 .fini          0x0800669c        0x8 C:/ST/STM32CubeIDE_2.0.0/STM32CubeIDE/plugins/com.st.stm32cube.ide.mcu.externaltools.gnu-tools-for-stm32.13.3.rel1.win32_1.0.100.202509120712/tools/bin/../lib/gcc/arm-none-eabi/13.3.1/thumb/v7e-m+fp/hard/crtn.o
                0x080066a4                        . = ALIGN (0x4)
                0x080066a4                        _etext = .

.vfp11_veneer   0x080066a4        0x0
 .vfp11_veneer  0x080066a4        0x0 linker stubs

.v4_bx          0x080066a4        0x0
 .v4_bx         0x080066a4        0x0 linker stubs

.iplt           0x080066a4        0x0
 .iplt          0x080066a4        0x0 C:/ST/STM32CubeIDE_2.0.0/STM32CubeIDE/plugins/com.st.stm32cube.ide.mcu.externaltools.gnu-tools-for-stm32.13.3.rel1.win32_1.0.100.202509120712/tools/bin/../lib/gcc/arm-none-eabi/13.3.1/thumb/v7e-m+fp/hard/crtbegin.o

.rodata         0x080066a4      0x1d0
                0x080066a4                        . = ALIGN (0x4)
 *(.rodata)
 .rodata        0x080066a4       0x5b ./Core/Src/serial_communication.o
 *fill*         0x080066ff        0x1 
 .rodata        0x08006700        0xc C:/ST/STM32CubeIDE_2.0.0/STM32CubeIDE/plugins/com.st.stm32cube.ide.mcu.externaltools.gnu-tools-for-stm32.13.3.rel1.win32_1.0.100.202509120712/tools/bin/../lib/gcc/arm-none-eabi/13.3.1/../../../../arm-none-eabi/lib/thumb/v7e-m+fp/hard\libc_nano.a(libc_a-nano-vfscanf_i.o)
 *(.rodata*)
 .rodata.AHBPrescTable
                0x0800670c       0x10 ./Core/Src/system_stm32f4xx.o
                0x0800670c                AHBPrescTable
 .rodata.APBPrescTable
                0x0800671c        0x8 ./Core/Src/system_stm32f4xx.o
                0x0800671c                APBPrescTable
 .rodata._svfprintf_r.str1.1
                0x08006724       0x4e C:/ST/STM32CubeIDE_2.0.0/STM32CubeIDE/plugins/com.st.stm32cube.ide.mcu.externaltools.gnu-tools-for-stm32.13.3.rel1.win32_1.0.100.202509120712/tools/bin/../lib/gcc/arm-none-eabi/13.3.1/../../../../arm-none-eabi/lib/thumb/v7e-m+fp/hard\libc_nano.a(libc_a-nano-svfprintf.o)
                                 0x11 (size before relaxing)
 .rodata.__ssvfscanf_r.str1.1
                0x08006772        0x0 C:/ST/STM32CubeIDE_2.0.0/STM32CubeIDE/plugins/com.st.stm32cube.ide.mcu.externaltools.gnu-tools-for-stm32.13.3.rel1.win32_1.0.100.202509120712/tools/bin/../lib/gcc/arm-none-eabi/13.3.1/../../../../arm-none-eabi/lib/thumb/v7e-m+fp/hard\libc_nano.a(libc_a-nano-svfscanf.o)
                                  0x4 (size before relaxing)
 .rodata._printf_i.str1.1
                0x08006772        0x0 C:/ST/STM32CubeIDE_2.0.0/STM32CubeIDE/plugins/com.st.stm32cube.ide.mcu.externaltools.gnu-tools-for-stm32.13.3.rel1.win32_1.0.100.202509120712/tools/bin/../lib/gcc/arm-none-eabi/13.3.1/../../../../arm-none-eabi/lib/thumb/v7e-m+fp/hard\libc_nano.a(libc_a-nano-vfprintf_i.o)
                                 0x22 (size before relaxing)
 .rodata._scanf_i.str1.1
                0x08006772        0x0 C:/ST/STM32CubeIDE_2.0.0/STM32CubeIDE/plugins/com.st.stm32cube.ide.mcu.externaltools.gnu-tools-for-stm32.13.3.rel1.win32_1.0.100.202509120712/tools/bin/../lib/gcc/arm-none-eabi/13.3.1/../../../../arm-none-eabi/lib/thumb/v7e-m+fp/hard\libc_nano.a(libc_a-nano-vfscanf_i.o)
                                 0x12 (size before relaxing)
 .rodata.str1.1
                0x08006772        0x0 C:/ST/STM32CubeIDE_2.0.0/STM32CubeIDE/plugins/com.st.stm32cube.ide.mcu.externaltools.gnu-tools-for-stm32.13.3.rel1.win32_1.0.100.202509120712/tools/bin/../lib/gcc/arm-none-eabi/13.3.1/../../../../arm-none-eabi/lib/thumb/v7e-m+fp/hard\libc_nano.a(libc_a-nano-vfscanf_i.o)
                                  0x9 (size before relaxing)
 .rodata._ctype_
                0x08006772      0x101 C:/ST/STM32CubeIDE_2.0.0/STM32CubeIDE/plugins/com.st.stm32cube.ide.mcu.externaltools.gnu-tools-for-stm32.13.3.rel1.win32_1.0.100.202509120712/tools/bin/../lib/gcc/arm-none-eabi/13.3.1/../../../../arm-none-eabi/lib/thumb/v7e-m+fp/hard\libc_nano.a(libc_a-ctype_.o)
                0x08006772                _ctype_
                0x08006874                        . = ALIGN (0x4)
 *fill*         0x08006873        0x1 

.ARM.extab      0x08006874        0x0
                0x08006874                        . = ALIGN (0x4)
 *(.ARM.extab* .gnu.linkonce.armextab.*)
                0x08006874                        . = ALIGN (0x4)

.ARM            0x08006874        0x8
                0x08006874                        . = ALIGN (0x4)
                0x08006874                        __exidx_start = .
 *(.ARM.exidx*)
 .ARM.exidx     0x08006874        0x8 C:/ST/STM32CubeIDE_2.0.0/STM32CubeIDE/plugins/com.st.stm32cube.ide.mcu.externaltools.gnu-tools-for-stm32.13.3.rel1.win32_1.0.100.202509120712/tools/bin/../lib/gcc/arm-none-eabi/13.3.1/../../../../arm-none-eabi/lib/thumb/v7e-m+fp/hard\libc_nano.a(libc_a-strlen.o)
 .ARM.exidx     0x0800687c        0x0 C:/ST/STM32CubeIDE_2.0.0/STM32CubeIDE/plugins/com.st.stm32cube.ide.mcu.externaltools.gnu-tools-for-stm32.13.3.rel1.win32_1.0.100.202509120712/tools/bin/../lib/gcc/arm-none-eabi/13.3.1/../../../../arm-none-eabi/lib/thumb/v7e-m+fp/hard\libc_nano.a(libc_a-memchr.o)
                                  0x8 (size before relaxing)
 .ARM.exidx     0x0800687c        0x0 C:/ST/STM32CubeIDE_2.0.0/STM32CubeIDE/plugins/com.st.stm32cube.ide.mcu.externaltools.gnu-tools-for-stm32.13.3.rel1.win32_1.0.100.202509120712/tools/bin/../lib/gcc/arm-none-eabi/13.3.1/thumb/v7e-m+fp/hard\libgcc.a(_udivmoddi4.o)
                                  0x8 (size before relaxing)
                0x0800687c                        __exidx_end = .
                0x0800687c                        . = ALIGN (0x4)

.preinit_array  0x0800687c        0x0
                0x0800687c                        . = ALIGN (0x4)
                0x0800687c                        PROVIDE (__preinit_array_start = .)
 *(.preinit_array*)
                0x0800687c                        PROVIDE (__preinit_array_end = .)
                0x0800687c                        . = ALIGN (0x4)

.init_array     0x0800687c        0x4
                0x0800687c                        . = ALIGN (0x4)
                0x0800687c                        PROVIDE (__init_array_start = .)
 *(SORT_BY_NAME(.init_array.*))
 *(.init_array*)
 .init_array    0x0800687c        0x4 C:/ST/STM32CubeIDE_2.0.0/STM32CubeIDE/plugins/com.st.stm32cube.ide.mcu.externaltools.gnu-tools-for-stm32.13.3.rel1.win32_1.0.100.202509120712/tools/bin/../lib/gcc/arm-none-eabi/13.3.1/thumb/v7e-m+fp/hard/crtbegin.o
                0x08006880                        PROVIDE (__init_array_end = .)
                0x08006880                        . = ALIGN (0x4)

.fini_array     0x08006880        0x4
                0x08006880                        . = ALIGN (0x4)
                [!provide]                        PROVIDE (__fini_array_start = .)
 *(SORT_BY_NAME(.fini_array.*))
 *(.fini_array*)
 .fini_array    0x08006880        0x4 C:/ST/STM32CubeIDE_2.0.0/STM32CubeIDE/plugins/com.st.stm32cube.ide.mcu.externaltools.gnu-tools-for-stm32.13.3.rel1.win32_1.0.100.202509120712/tools/bin/../lib/gcc/arm-none-eabi/13.3.1/thumb/v7e-m+fp/hard/crtbegin.o
                [!provide]                        PROVIDE (__fini_array_end = .)
                0x08006884                        . = ALIGN (0x4)
                0x08006884                        _sidata = LOADADDR (.data)

.rel.dyn        0x08006884        0x0
 .rel.iplt      0x08006884        0x0 C:/ST/STM32CubeIDE_2.0.0/STM32CubeIDE/plugins/com.st.stm32cube.ide.mcu.externaltools.gnu-tools-for-stm32.13.3.rel1.win32_1.0.100.202509120712/tools/bin/../lib/gcc/arm-none-eabi/13.3.1/thumb/v7e-m+fp/hard/crtbegin.o

.data           0x20000000       0x60 load address 0x08006884
                0x20000000                        . = ALIGN (0x4)
                0x20000000                        _sdata = .
 *(.data)
 *(.data*)
 .data._current_dir
                0x20000000        0x1 ./Core/Src/encoder.o
 *fill*         0x20000001        0x1 
 .data._current_pulse
                0x20000002        0x2 ./Core/Src/servo.o
 .data.SystemCoreClock
                0x20000004        0x4 ./Core/Src/system_stm32f4xx.o
                0x20000004                SystemCoreClock
 .data.uwTickPrio
                0x20000008        0x4 ./Drivers/STM32F4xx_HAL_Driver/Src/stm32f4xx_hal.o
                0x20000008                uwTickPrio
 .data.uwTickFreq
                0x2000000c        0x1 ./Drivers/STM32F4xx_HAL_Driver/Src/stm32f4xx_hal.o
                0x2000000c                uwTickFreq
 *fill*         0x2000000d        0x3 
 .data._impure_ptr
                0x20000010        0x4 C:/ST/STM32CubeIDE_2.0.0/STM32CubeIDE/plugins/com.st.stm32cube.ide.mcu.externaltools.gnu-tools-for-stm32.13.3.rel1.win32_1.0.100.202509120712/tools/bin/../lib/gcc/arm-none-eabi/13.3.1/../../../../arm-none-eabi/lib/thumb/v7e-m+fp/hard\libc_nano.a(libc_a-impure.o)
                0x20000010                _impure_ptr
 .data._impure_data
                0x20000014       0x4c C:/ST/STM32CubeIDE_2.0.0/STM32CubeIDE/plugins/com.st.stm32cube.ide.mcu.externaltools.gnu-tools-for-stm32.13.3.rel1.win32_1.0.100.202509120712/tools/bin/../lib/gcc/arm-none-eabi/13.3.1/../../../../arm-none-eabi/lib/thumb/v7e-m+fp/hard\libc_nano.a(libc_a-impure.o)
                0x20000014                _impure_data
 *(.RamFunc)
 *(.RamFunc*)
                0x20000060                        . = ALIGN (0x4)
                0x20000060                        _edata = .

.igot.plt       0x20000060        0x0 load address 0x080068e4
 .igot.plt      0x20000060        0x0 C:/ST/STM32CubeIDE_2.0.0/STM32CubeIDE/plugins/com.st.stm32cube.ide.mcu.externaltools.gnu-tools-for-stm32.13.3.rel1.win32_1.0.100.202509120712/tools/bin/../lib/gcc/arm-none-eabi/13.3.1/thumb/v7e-m+fp/hard/crtbegin.o
                0x20000060                        . = ALIGN (0x4)

.bss            0x20000060      0x2fc load address 0x080068e4
                0x20000060                        _sbss = .
                0x20000060                        __bss_start__ = _sbss
 *(.bss)
 .bss           0x20000060       0x1c C:/ST/STM32CubeIDE_2.0.0/STM32CubeIDE/plugins/com.st.stm32cube.ide.mcu.externaltools.gnu-tools-for-stm32.13.3.rel1.win32_1.0.100.202509120712/tools/bin/../lib/gcc/arm-none-eabi/13.3.1/thumb/v7e-m+fp/hard/crtbegin.o
 *(.bss*)
 .bss._htim_pwm
                0x2000007c        0x4 ./Core/Src/encoder.o
 .bss._current_pwm
                0x20000080        0x2 ./Core/Src/encoder.o
 *fill*         0x20000082        0x2 
 .bss.htim2     0x20000084       0x48 ./Core/Src/main.o
                0x20000084                htim2
 .bss.htim3     0x200000cc       0x48 ./Core/Src/main.o
                0x200000cc                htim3
 .bss.htim4     0x20000114       0x48 ./Core/Src/main.o
                0x20000114                htim4
 .bss.huart2    0x2000015c       0x48 ./Core/Src/main.o
                0x2000015c                huart2
 .bss.last_send_tick
                0x200001a4        0x4 ./Core/Src/main.o
 .bss._huart    0x200001a8        0x4 ./Core/Src/serial_communication.o
 .bss._rx_byte  0x200001ac        0x1 ./Core/Src/serial_communication.o
 *fill*         0x200001ad        0x3 
 .bss._rx_buf   0x200001b0       0x40 ./Core/Src/serial_communication.o
 .bss._rx_idx   0x200001f0        0x1 ./Core/Src/serial_communication.o
 *fill*         0x200001f1        0x3 
 .bss._htim     0x200001f4        0x4 ./Core/Src/servo.o
 .bss._htim     0x200001f8        0x4 ./Core/Src/supersonic.o
 .bss._echo_start
                0x200001fc        0x4 ./Core/Src/supersonic.o
 .bss._echo_end
                0x20000200        0x4 ./Core/Src/supersonic.o
 .bss._ready_flag
                0x20000204        0x1 ./Core/Src/supersonic.o
 *fill*         0x20000205        0x3 
 .bss._distance
                0x20000208        0x4 ./Core/Src/supersonic.o
 .bss.__sbrk_heap_end
                0x2000020c        0x4 ./Core/Src/sysmem.o
 .bss.uwTick    0x20000210        0x4 ./Drivers/STM32F4xx_HAL_Driver/Src/stm32f4xx_hal.o
                0x20000210                uwTick
 .bss.__sf      0x20000214      0x138 C:/ST/STM32CubeIDE_2.0.0/STM32CubeIDE/plugins/com.st.stm32cube.ide.mcu.externaltools.gnu-tools-for-stm32.13.3.rel1.win32_1.0.100.202509120712/tools/bin/../lib/gcc/arm-none-eabi/13.3.1/../../../../arm-none-eabi/lib/thumb/v7e-m+fp/hard\libc_nano.a(libc_a-findfp.o)
                0x20000214                __sf
 .bss.errno     0x2000034c        0x4 C:/ST/STM32CubeIDE_2.0.0/STM32CubeIDE/plugins/com.st.stm32cube.ide.mcu.externaltools.gnu-tools-for-stm32.13.3.rel1.win32_1.0.100.202509120712/tools/bin/../lib/gcc/arm-none-eabi/13.3.1/../../../../arm-none-eabi/lib/thumb/v7e-m+fp/hard\libc_nano.a(libc_a-reent.o)
                0x2000034c                errno
 .bss.__lock___malloc_recursive_mutex
                0x20000350        0x1 C:/ST/STM32CubeIDE_2.0.0/STM32CubeIDE/plugins/com.st.stm32cube.ide.mcu.externaltools.gnu-tools-for-stm32.13.3.rel1.win32_1.0.100.202509120712/tools/bin/../lib/gcc/arm-none-eabi/13.3.1/../../../../arm-none-eabi/lib/thumb/v7e-m+fp/hard\libc_nano.a(libc_a-lock.o)
                0x20000350                __lock___malloc_recursive_mutex
 *fill*         0x20000351        0x3 
 .bss.__malloc_sbrk_start
                0x20000354        0x4 C:/ST/STM32CubeIDE_2.0.0/STM32CubeIDE/plugins/com.st.stm32cube.ide.mcu.externaltools.gnu-tools-for-stm32.13.3.rel1.win32_1.0.100.202509120712/tools/bin/../lib/gcc/arm-none-eabi/13.3.1/../../../../arm-none-eabi/lib/thumb/v7e-m+fp/hard\libc_nano.a(libc_a-mallocr.o)
                0x20000354                __malloc_sbrk_start
 .bss.__malloc_free_list
                0x20000358        0x4 C:/ST/STM32CubeIDE_2.0.0/STM32CubeIDE/plugins/com.st.stm32cube.ide.mcu.externaltools.gnu-tools-for-stm32.13.3.rel1.win32_1.0.100.202509120712/tools/bin/../lib/gcc/arm-none-eabi/13.3.1/../../../../arm-none-eabi/lib/thumb/v7e-m+fp/hard\libc_nano.a(libc_a-mallocr.o)
                0x20000358                __malloc_free_list
 *(COMMON)
                0x2000035c                        . = ALIGN (0x4)
                0x2000035c                        _ebss = .
                0x2000035c                        __bss_end__ = _ebss

._user_heap_stack
                0x2000035c      0x604 load address 0x080068e4
                0x20000360                        . = ALIGN (0x8)
 *fill*         0x2000035c        0x4 
                [!provide]                        PROVIDE (end = .)
                0x20000360                        PROVIDE (_end = .)
                0x20000560                        . = (. + _Min_Heap_Size)
 *fill*         0x20000360      0x200 
                0x20000960                        . = (. + _Min_Stack_Size)
 *fill*         0x20000560      0x400 
                0x20000960                        . = ALIGN (0x8)

/DISCARD/
 libc.a(*)
 libm.a(*)
 libgcc.a(*)

.ARM.attributes
                0x00000000       0x30
 *(.ARM.attributes)
 .ARM.attributes
                0x00000000       0x22 C:/ST/STM32CubeIDE_2.0.0/STM32CubeIDE/plugins/com.st.stm32cube.ide.mcu.externaltools.gnu-tools-for-stm32.13.3.rel1.win32_1.0.100.202509120712/tools/bin/../lib/gcc/arm-none-eabi/13.3.1/thumb/v7e-m+fp/hard/crti.o
 .ARM.attributes
                0x00000022       0x34 C:/ST/STM32CubeIDE_2.0.0/STM32CubeIDE/plugins/com.st.stm32cube.ide.mcu.externaltools.gnu-tools-for-stm32.13.3.rel1.win32_1.0.100.202509120712/tools/bin/../lib/gcc/arm-none-eabi/13.3.1/thumb/v7e-m+fp/hard/crtbegin.o
 .ARM.attributes
                0x00000056       0x34 ./Core/Src/encoder.o
 .ARM.attributes
                0x0000008a       0x34 ./Core/Src/main.o
 .ARM.attributes
                0x000000be       0x34 ./Core/Src/serial_communication.o
 .ARM.attributes
                0x000000f2       0x34 ./Core/Src/servo.o
 .ARM.attributes
                0x00000126       0x34 ./Core/Src/stm32f4xx_hal_msp.o
 .ARM.attributes
                0x0000015a       0x34 ./Core/Src/stm32f4xx_it.o
 .ARM.attributes
                0x0000018e       0x34 ./Core/Src/supersonic.o
 .ARM.attributes
                0x000001c2       0x34 ./Core/Src/sysmem.o
 .ARM.attributes
                0x000001f6       0x34 ./Core/Src/system_stm32f4xx.o
 .ARM.attributes
                0x0000022a       0x21 ./Core/Startup/startup_stm32f446retx.o
 .ARM.attributes
                0x0000024b       0x34 ./Drivers/STM32F4xx_HAL_Driver/Src/stm32f4xx_hal.o
 .ARM.attributes
                0x0000027f       0x34 ./Drivers/STM32F4xx_HAL_Driver/Src/stm32f4xx_hal_cortex.o
 .ARM.attributes
                0x000002b3       0x34 ./Drivers/STM32F4xx_HAL_Driver/Src/stm32f4xx_hal_dma.o
 .ARM.attributes
                0x000002e7       0x34 ./Drivers/STM32F4xx_HAL_Driver/Src/stm32f4xx_hal_gpio.o
 .ARM.attributes
                0x0000031b       0x34 ./Drivers/STM32F4xx_HAL_Driver/Src/stm32f4xx_hal_pwr_ex.o
 .ARM.attributes
                0x0000034f       0x34 ./Drivers/STM32F4xx_HAL_Driver/Src/stm32f4xx_hal_rcc.o
 .ARM.attributes
                0x00000383       0x34 ./Drivers/STM32F4xx_HAL_Driver/Src/stm32f4xx_hal_rcc_ex.o
 .ARM.attributes
                0x000003b7       0x34 ./Drivers/STM32F4xx_HAL_Driver/Src/stm32f4xx_hal_tim.o
 .ARM.attributes
                0x000003eb       0x34 ./Drivers/STM32F4xx_HAL_Driver/Src/stm32f4xx_hal_tim_ex.o
 .ARM.attributes
                0x0000041f       0x34 ./Drivers/STM32F4xx_HAL_Driver/Src/stm32f4xx_hal_uart.o
 .ARM.attributes
                0x00000453       0x34 C:/ST/STM32CubeIDE_2.0.0/STM32CubeIDE/plugins/com.st.stm32cube.ide.mcu.externaltools.gnu-tools-for-stm32.13.3.rel1.win32_1.0.100.202509120712/tools/bin/../lib/gcc/arm-none-eabi/13.3.1/../../../../arm-none-eabi/lib/thumb/v7e-m+fp/hard\libc_nano.a(libc_a-findfp.o)
 .ARM.attributes
                0x00000487       0x34 C:/ST/STM32CubeIDE_2.0.0/STM32CubeIDE/plugins/com.st.stm32cube.ide.mcu.externaltools.gnu-tools-for-stm32.13.3.rel1.win32_1.0.100.202509120712/tools/bin/../lib/gcc/arm-none-eabi/13.3.1/../../../../arm-none-eabi/lib/thumb/v7e-m+fp/hard\libc_nano.a(libc_a-snprintf.o)
 .ARM.attributes
                0x000004bb       0x34 C:/ST/STM32CubeIDE_2.0.0/STM32CubeIDE/plugins/com.st.stm32cube.ide.mcu.externaltools.gnu-tools-for-stm32.13.3.rel1.win32_1.0.100.202509120712/tools/bin/../lib/gcc/arm-none-eabi/13.3.1/../../../../arm-none-eabi/lib/thumb/v7e-m+fp/hard\libc_nano.a(libc_a-sscanf.o)
 .ARM.attributes
                0x000004ef       0x34 C:/ST/STM32CubeIDE_2.0.0/STM32CubeIDE/plugins/com.st.stm32cube.ide.mcu.externaltools.gnu-tools-for-stm32.13.3.rel1.win32_1.0.100.202509120712/tools/bin/../lib/gcc/arm-none-eabi/13.3.1/../../../../arm-none-eabi/lib/thumb/v7e-m+fp/hard\libc_nano.a(libc_a-stdio.o)
 .ARM.attributes
                0x00000523       0x34 C:/ST/STM32CubeIDE_2.0.0/STM32CubeIDE/plugins/com.st.stm32cube.ide.mcu.externaltools.gnu-tools-for-stm32.13.3.rel1.win32_1.0.100.202509120712/tools/bin/../lib/gcc/arm-none-eabi/13.3.1/../../../../arm-none-eabi/lib/thumb/v7e-m+fp/hard\libc_nano.a(libc_a-memset.o)
 .ARM.attributes
                0x00000557       0x34 C:/ST/STM32CubeIDE_2.0.0/STM32CubeIDE/plugins/com.st.stm32cube.ide.mcu.externaltools.gnu-tools-for-stm32.13.3.rel1.win32_1.0.100.202509120712/tools/bin/../lib/gcc/arm-none-eabi/13.3.1/../../../../arm-none-eabi/lib/thumb/v7e-m+fp/hard\libc_nano.a(libc_a-reent.o)
 .ARM.attributes
                0x0000058b       0x34 C:/ST/STM32CubeIDE_2.0.0/STM32CubeIDE/plugins/com.st.stm32cube.ide.mcu.externaltools.gnu-tools-for-stm32.13.3.rel1.win32_1.0.100.202509120712/tools/bin/../lib/gcc/arm-none-eabi/13.3.1/../../../../arm-none-eabi/lib/thumb/v7e-m+fp/hard\libc_nano.a(libc_a-impure.o)
 .ARM.attributes
                0x000005bf       0x34 C:/ST/STM32CubeIDE_2.0.0/STM32CubeIDE/plugins/com.st.stm32cube.ide.mcu.externaltools.gnu-tools-for-stm32.13.3.rel1.win32_1.0.100.202509120712/tools/bin/../lib/gcc/arm-none-eabi/13.3.1/../../../../arm-none-eabi/lib/thumb/v7e-m+fp/hard\libc_nano.a(libc_a-errno.o)
 .ARM.attributes
                0x000005f3       0x34 C:/ST/STM32CubeIDE_2.0.0/STM32CubeIDE/plugins/com.st.stm32cube.ide.mcu.externaltools.gnu-tools-for-stm32.13.3.rel1.win32_1.0.100.202509120712/tools/bin/../lib/gcc/arm-none-eabi/13.3.1/../../../../arm-none-eabi/lib/thumb/v7e-m+fp/hard\libc_nano.a(libc_a-init.o)
 .ARM.attributes
                0x00000627       0x34 C:/ST/STM32CubeIDE_2.0.0/STM32CubeIDE/plugins/com.st.stm32cube.ide.mcu.externaltools.gnu-tools-for-stm32.13.3.rel1.win32_1.0.100.202509120712/tools/bin/../lib/gcc/arm-none-eabi/13.3.1/../../../../arm-none-eabi/lib/thumb/v7e-m+fp/hard\libc_nano.a(libc_a-lock.o)
 .ARM.attributes
                0x0000065b       0x17 C:/ST/STM32CubeIDE_2.0.0/STM32CubeIDE/plugins/com.st.stm32cube.ide.mcu.externaltools.gnu-tools-for-stm32.13.3.rel1.win32_1.0.100.202509120712/tools/bin/../lib/gcc/arm-none-eabi/13.3.1/../../../../arm-none-eabi/lib/thumb/v7e-m+fp/hard\libc_nano.a(libc_a-strlen.o)
 .ARM.attributes
                0x00000672       0x34 C:/ST/STM32CubeIDE_2.0.0/STM32CubeIDE/plugins/com.st.stm32cube.ide.mcu.externaltools.gnu-tools-for-stm32.13.3.rel1.win32_1.0.100.202509120712/tools/bin/../lib/gcc/arm-none-eabi/13.3.1/../../../../arm-none-eabi/lib/thumb/v7e-m+fp/hard\libc_nano.a(libc_a-freer.o)
 .ARM.attributes
                0x000006a6       0x34 C:/ST/STM32CubeIDE_2.0.0/STM32CubeIDE/plugins/com.st.stm32cube.ide.mcu.externaltools.gnu-tools-for-stm32.13.3.rel1.win32_1.0.100.202509120712/tools/bin/../lib/gcc/arm-none-eabi/13.3.1/../../../../arm-none-eabi/lib/thumb/v7e-m+fp/hard\libc_nano.a(libc_a-mallocr.o)
 .ARM.attributes
                0x000006da       0x34 C:/ST/STM32CubeIDE_2.0.0/STM32CubeIDE/plugins/com.st.stm32cube.ide.mcu.externaltools.gnu-tools-for-stm32.13.3.rel1.win32_1.0.100.202509120712/tools/bin/../lib/gcc/arm-none-eabi/13.3.1/../../../../arm-none-eabi/lib/thumb/v7e-m+fp/hard\libc_nano.a(libc_a-mlock.o)
 .ARM.attributes
                0x0000070e       0x34 C:/ST/STM32CubeIDE_2.0.0/STM32CubeIDE/plugins/com.st.stm32cube.ide.mcu.externaltools.gnu-tools-for-stm32.13.3.rel1.win32_1.0.100.202509120712/tools/bin/../lib/gcc/arm-none-eabi/13.3.1/../../../../arm-none-eabi/lib/thumb/v7e-m+fp/hard\libc_nano.a(libc_a-nano-svfprintf.o)
 .ARM.attributes
                0x00000742       0x34 C:/ST/STM32CubeIDE_2.0.0/STM32CubeIDE/plugins/com.st.stm32cube.ide.mcu.externaltools.gnu-tools-for-stm32.13.3.rel1.win32_1.0.100.202509120712/tools/bin/../lib/gcc/arm-none-eabi/13.3.1/../../../../arm-none-eabi/lib/thumb/v7e-m+fp/hard\libc_nano.a(libc_a-nano-svfscanf.o)
 .ARM.attributes
                0x00000776       0x34 C:/ST/STM32CubeIDE_2.0.0/STM32CubeIDE/plugins/com.st.stm32cube.ide.mcu.externaltools.gnu-tools-for-stm32.13.3.rel1.win32_1.0.100.202509120712/tools/bin/../lib/gcc/arm-none-eabi/13.3.1/../../../../arm-none-eabi/lib/thumb/v7e-m+fp/hard\libc_nano.a(libc_a-nano-vfprintf_i.o)
 .ARM.attributes
                0x000007aa       0x34 C:/ST/STM32CubeIDE_2.0.0/STM32CubeIDE/plugins/com.st.stm32cube.ide.mcu.externaltools.gnu-tools-for-stm32.13.3.rel1.win32_1.0.100.202509120712/tools/bin/../lib/gcc/arm-none-eabi/13.3.1/../../../../arm-none-eabi/lib/thumb/v7e-m+fp/hard\libc_nano.a(libc_a-nano-vfscanf_i.o)
 .ARM.attributes
                0x000007de       0x34 C:/ST/STM32CubeIDE_2.0.0/STM32CubeIDE/plugins/com.st.stm32cube.ide.mcu.externaltools.gnu-tools-for-stm32.13.3.rel1.win32_1.0.100.202509120712/tools/bin/../lib/gcc/arm-none-eabi/13.3.1/../../../../arm-none-eabi/lib/thumb/v7e-m+fp/hard\libc_nano.a(libc_a-sccl.o)
 .ARM.attributes
                0x00000812       0x34 C:/ST/STM32CubeIDE_2.0.0/STM32CubeIDE/plugins/com.st.stm32cube.ide.mcu.externaltools.gnu-tools-for-stm32.13.3.rel1.win32_1.0.100.202509120712/tools/bin/../lib/gcc/arm-none-eabi/13.3.1/../../../../arm-none-eabi/lib/thumb/v7e-m+fp/hard\libc_nano.a(libc_a-ungetc.o)
 .ARM.attributes
                0x00000846       0x34 C:/ST/STM32CubeIDE_2.0.0/STM32CubeIDE/plugins/com.st.stm32cube.ide.mcu.externaltools.gnu-tools-for-stm32.13.3.rel1.win32_1.0.100.202509120712/tools/bin/../lib/gcc/arm-none-eabi/13.3.1/../../../../arm-none-eabi/lib/thumb/v7e-m+fp/hard\libc_nano.a(libc_a-memmove.o)
 .ARM.attributes
                0x0000087a       0x34 C:/ST/STM32CubeIDE_2.0.0/STM32CubeIDE/plugins/com.st.stm32cube.ide.mcu.externaltools.gnu-tools-for-stm32.13.3.rel1.win32_1.0.100.202509120712/tools/bin/../lib/gcc/arm-none-eabi/13.3.1/../../../../arm-none-eabi/lib/thumb/v7e-m+fp/hard\libc_nano.a(libc_a-sbrkr.o)
 .ARM.attributes
                0x000008ae       0x1c C:/ST/STM32CubeIDE_2.0.0/STM32CubeIDE/plugins/com.st.stm32cube.ide.mcu.externaltools.gnu-tools-for-stm32.13.3.rel1.win32_1.0.100.202509120712/tools/bin/../lib/gcc/arm-none-eabi/13.3.1/../../../../arm-none-eabi/lib/thumb/v7e-m+fp/hard\libc_nano.a(libc_a-memchr.o)
 .ARM.attributes
                0x000008ca       0x34 C:/ST/STM32CubeIDE_2.0.0/STM32CubeIDE/plugins/com.st.stm32cube.ide.mcu.externaltools.gnu-tools-for-stm32.13.3.rel1.win32_1.0.100.202509120712/tools/bin/../lib/gcc/arm-none-eabi/13.3.1/../../../../arm-none-eabi/lib/thumb/v7e-m+fp/hard\libc_nano.a(libc_a-memcpy-stub.o)
 .ARM.attributes
                0x000008fe       0x34 C:/ST/STM32CubeIDE_2.0.0/STM32CubeIDE/plugins/com.st.stm32cube.ide.mcu.externaltools.gnu-tools-for-stm32.13.3.rel1.win32_1.0.100.202509120712/tools/bin/../lib/gcc/arm-none-eabi/13.3.1/../../../../arm-none-eabi/lib/thumb/v7e-m+fp/hard\libc_nano.a(libc_a-reallocr.o)
 .ARM.attributes
                0x00000932       0x34 C:/ST/STM32CubeIDE_2.0.0/STM32CubeIDE/plugins/com.st.stm32cube.ide.mcu.externaltools.gnu-tools-for-stm32.13.3.rel1.win32_1.0.100.202509120712/tools/bin/../lib/gcc/arm-none-eabi/13.3.1/../../../../arm-none-eabi/lib/thumb/v7e-m+fp/hard\libc_nano.a(libc_a-strtol.o)
 .ARM.attributes
                0x00000966       0x34 C:/ST/STM32CubeIDE_2.0.0/STM32CubeIDE/plugins/com.st.stm32cube.ide.mcu.externaltools.gnu-tools-for-stm32.13.3.rel1.win32_1.0.100.202509120712/tools/bin/../lib/gcc/arm-none-eabi/13.3.1/../../../../arm-none-eabi/lib/thumb/v7e-m+fp/hard\libc_nano.a(libc_a-strtoul.o)
 .ARM.attributes
                0x0000099a       0x34 C:/ST/STM32CubeIDE_2.0.0/STM32CubeIDE/plugins/com.st.stm32cube.ide.mcu.externaltools.gnu-tools-for-stm32.13.3.rel1.win32_1.0.100.202509120712/tools/bin/../lib/gcc/arm-none-eabi/13.3.1/../../../../arm-none-eabi/lib/thumb/v7e-m+fp/hard\libc_nano.a(libc_a-ctype_.o)
 .ARM.attributes
                0x000009ce       0x34 C:/ST/STM32CubeIDE_2.0.0/STM32CubeIDE/plugins/com.st.stm32cube.ide.mcu.externaltools.gnu-tools-for-stm32.13.3.rel1.win32_1.0.100.202509120712/tools/bin/../lib/gcc/arm-none-eabi/13.3.1/../../../../arm-none-eabi/lib/thumb/v7e-m+fp/hard\libc_nano.a(libc_a-msizer.o)
 .ARM.attributes
                0x00000a02       0x22 C:/ST/STM32CubeIDE_2.0.0/STM32CubeIDE/plugins/com.st.stm32cube.ide.mcu.externaltools.gnu-tools-for-stm32.13.3.rel1.win32_1.0.100.202509120712/tools/bin/../lib/gcc/arm-none-eabi/13.3.1/thumb/v7e-m+fp/hard\libgcc.a(_arm_addsubdf3.o)
 .ARM.attributes
                0x00000a24       0x22 C:/ST/STM32CubeIDE_2.0.0/STM32CubeIDE/plugins/com.st.stm32cube.ide.mcu.externaltools.gnu-tools-for-stm32.13.3.rel1.win32_1.0.100.202509120712/tools/bin/../lib/gcc/arm-none-eabi/13.3.1/thumb/v7e-m+fp/hard\libgcc.a(_aeabi_uldivmod.o)
 .ARM.attributes
                0x00000a46       0x34 C:/ST/STM32CubeIDE_2.0.0/STM32CubeIDE/plugins/com.st.stm32cube.ide.mcu.externaltools.gnu-tools-for-stm32.13.3.rel1.win32_1.0.100.202509120712/tools/bin/../lib/gcc/arm-none-eabi/13.3.1/thumb/v7e-m+fp/hard\libgcc.a(_udivmoddi4.o)
 .ARM.attributes
                0x00000a7a       0x22 C:/ST/STM32CubeIDE_2.0.0/STM32CubeIDE/plugins/com.st.stm32cube.ide.mcu.externaltools.gnu-tools-for-stm32.13.3.rel1.win32_1.0.100.202509120712/tools/bin/../lib/gcc/arm-none-eabi/13.3.1/thumb/v7e-m+fp/hard\libgcc.a(_dvmd_tls.o)
 .ARM.attributes
                0x00000a9c       0x22 C:/ST/STM32CubeIDE_2.0.0/STM32CubeIDE/plugins/com.st.stm32cube.ide.mcu.externaltools.gnu-tools-for-stm32.13.3.rel1.win32_1.0.100.202509120712/tools/bin/../lib/gcc/arm-none-eabi/13.3.1/thumb/v7e-m+fp/hard/crtn.o
OUTPUT(Platoon.elf elf32-littlearm)
LOAD linker stubs
LOAD C:/ST/STM32CubeIDE_2.0.0/STM32CubeIDE/plugins/com.st.stm32cube.ide.mcu.externaltools.gnu-tools-for-stm32.13.3.rel1.win32_1.0.100.202509120712/tools/bin/../lib/gcc/arm-none-eabi/13.3.1/../../../../arm-none-eabi/lib/thumb/v7e-m+fp/hard\libc.a
LOAD C:/ST/STM32CubeIDE_2.0.0/STM32CubeIDE/plugins/com.st.stm32cube.ide.mcu.externaltools.gnu-tools-for-stm32.13.3.rel1.win32_1.0.100.202509120712/tools/bin/../lib/gcc/arm-none-eabi/13.3.1/../../../../arm-none-eabi/lib/thumb/v7e-m+fp/hard\libm.a
LOAD C:/ST/STM32CubeIDE_2.0.0/STM32CubeIDE/plugins/com.st.stm32cube.ide.mcu.externaltools.gnu-tools-for-stm32.13.3.rel1.win32_1.0.100.202509120712/tools/bin/../lib/gcc/arm-none-eabi/13.3.1/thumb/v7e-m+fp/hard\libgcc.a

.debug_info     0x00000000    0x10357
 .debug_info    0x00000000      0x850 ./Core/Src/encoder.o
 .debug_info    0x00000850     0x1389 ./Core/Src/main.o
 .debug_info    0x00001bd9      0x84f ./Core/Src/serial_communication.o
 .debug_info    0x00002428      0x759 ./Core/Src/servo.o
 .debug_info    0x00002b81     0x1058 ./Core/Src/stm32f4xx_hal_msp.o
 .debug_info    0x00003bd9      0x98b ./Core/Src/stm32f4xx_it.o
 .debug_info    0x00004564      0x8db ./Core/Src/supersonic.o
 .debug_info    0x00004e3f      0x168 ./Core/Src/sysmem.o
 .debug_info    0x00004fa7      0x54a ./Core/Src/system_stm32f4xx.o
 .debug_info    0x000054f1       0x30 ./Core/Startup/startup_stm32f446retx.o
 .debug_info    0x00005521      0x99a ./Drivers/STM32F4xx_HAL_Driver/Src/stm32f4xx_hal.o
 .debug_info    0x00005ebb      0xdaa ./Drivers/STM32F4xx_HAL_Driver/Src/stm32f4xx_hal_cortex.o
 .debug_info    0x00006c65      0x8e7 ./Drivers/STM32F4xx_HAL_Driver/Src/stm32f4xx_hal_dma.o
 .debug_info    0x0000754c      0x70b ./Drivers/STM32F4xx_HAL_Driver/Src/stm32f4xx_hal_gpio.o
 .debug_info    0x00007c57      0x6da ./Drivers/STM32F4xx_HAL_Driver/Src/stm32f4xx_hal_pwr_ex.o
 .debug_info    0x00008331      0x8ff ./Drivers/STM32F4xx_HAL_Driver/Src/stm32f4xx_hal_rcc.o
 .debug_info    0x00008c30      0x960 ./Drivers/STM32F4xx_HAL_Driver/Src/stm32f4xx_hal_rcc_ex.o
 .debug_info    0x00009590     0x299d ./Drivers/STM32F4xx_HAL_Driver/Src/stm32f4xx_hal_tim.o
 .debug_info    0x0000bf2d     0x14db ./Drivers/STM32F4xx_HAL_Driver/Src/stm32f4xx_hal_tim_ex.o
 .debug_info    0x0000d408     0x2f4f ./Drivers/STM32F4xx_HAL_Driver/Src/stm32f4xx_hal_uart.o

.debug_abbrev   0x00000000     0x27f6
 .debug_abbrev  0x00000000      0x1eb ./Core/Src/encoder.o
 .debug_abbrev  0x000001eb      0x284 ./Core/Src/main.o
 .debug_abbrev  0x0000046f      0x1e9 ./Core/Src/serial_communication.o
 .debug_abbrev  0x00000658      0x1df ./Core/Src/servo.o
 .debug_abbrev  0x00000837      0x21d ./Core/Src/stm32f4xx_hal_msp.o
 .debug_abbrev  0x00000a54      0x19c ./Core/Src/stm32f4xx_it.o
 .debug_abbrev  0x00000bf0      0x203 ./Core/Src/supersonic.o
 .debug_abbrev  0x00000df3       0xbc ./Core/Src/sysmem.o
 .debug_abbrev  0x00000eaf      0x11a ./Core/Src/system_stm32f4xx.o
 .debug_abbrev  0x00000fc9       0x24 ./Core/Startup/startup_stm32f446retx.o
 .debug_abbrev  0x00000fed      0x214 ./Drivers/STM32F4xx_HAL_Driver/Src/stm32f4xx_hal.o
 .debug_abbrev  0x00001201      0x31d ./Drivers/STM32F4xx_HAL_Driver/Src/stm32f4xx_hal_cortex.o
 .debug_abbrev  0x0000151e      0x264 ./Drivers/STM32F4xx_HAL_Driver/Src/stm32f4xx_hal_dma.o
 .debug_abbrev  0x00001782      0x1d4 ./Drivers/STM32F4xx_HAL_Driver/Src/stm32f4xx_hal_gpio.o
 .debug_abbrev  0x00001956      0x1cf ./Drivers/STM32F4xx_HAL_Driver/Src/stm32f4xx_hal_pwr_ex.o
 .debug_abbrev  0x00001b25      0x2b7 ./Drivers/STM32F4xx_HAL_Driver/Src/stm32f4xx_hal_rcc.o
 .debug_abbrev  0x00001ddc      0x211 ./Drivers/STM32F4xx_HAL_Driver/Src/stm32f4xx_hal_rcc_ex.o
 .debug_abbrev  0x00001fed      0x278 ./Drivers/STM32F4xx_HAL_Driver/Src/stm32f4xx_hal_tim.o
 .debug_abbrev  0x00002265      0x283 ./Drivers/STM32F4xx_HAL_Driver/Src/stm32f4xx_hal_tim_ex.o
 .debug_abbrev  0x000024e8      0x30e ./Drivers/STM32F4xx_HAL_Driver/Src/stm32f4xx_hal_uart.o

.debug_aranges  0x00000000      0xe40
 .debug_aranges
                0x00000000       0x40 ./Core/Src/encoder.o
 .debug_aranges
                0x00000040       0x68 ./Core/Src/main.o
 .debug_aranges
                0x000000a8       0x48 ./Core/Src/serial_communication.o
 .debug_aranges
                0x000000f0       0x40 ./Core/Src/servo.o
 .debug_aranges
                0x00000130       0x48 ./Core/Src/stm32f4xx_hal_msp.o
 .debug_aranges
                0x00000178       0x70 ./Core/Src/stm32f4xx_it.o
 .debug_aranges
                0x000001e8       0x40 ./Core/Src/supersonic.o
 .debug_aranges
                0x00000228       0x20 ./Core/Src/sysmem.o
 .debug_aranges
                0x00000248       0x28 ./Core/Src/system_stm32f4xx.o
 .debug_aranges
                0x00000270       0x28 ./Core/Startup/startup_stm32f446retx.o
 .debug_aranges
                0x00000298       0xf0 ./Drivers/STM32F4xx_HAL_Driver/Src/stm32f4xx_hal.o
 .debug_aranges
                0x00000388      0x130 ./Drivers/STM32F4xx_HAL_Driver/Src/stm32f4xx_hal_cortex.o
 .debug_aranges
                0x000004b8       0x90 ./Drivers/STM32F4xx_HAL_Driver/Src/stm32f4xx_hal_dma.o
 .debug_aranges
                0x00000548       0x58 ./Drivers/STM32F4xx_HAL_Driver/Src/stm32f4xx_hal_gpio.o
 .debug_aranges
                0x000005a0       0x60 ./Drivers/STM32F4xx_HAL_Driver/Src/stm32f4xx_hal_pwr_ex.o
 .debug_aranges
                0x00000600       0x88 ./Drivers/STM32F4xx_HAL_Driver/Src/stm32f4xx_hal_rcc.o
 .debug_aranges
                0x00000688       0x78 ./Drivers/STM32F4xx_HAL_Driver/Src/stm32f4xx_hal_rcc_ex.o
 .debug_aranges
                0x00000700      0x3d0 ./Drivers/STM32F4xx_HAL_Driver/Src/stm32f4xx_hal_tim.o
 .debug_aranges
                0x00000ad0      0x168 ./Drivers/STM32F4xx_HAL_Driver/Src/stm32f4xx_hal_tim_ex.o
 .debug_aranges
                0x00000c38      0x208 ./Drivers/STM32F4xx_HAL_Driver/Src/stm32f4xx_hal_uart.o

.debug_rnglists
                0x00000000      0xb11
 .debug_rnglists
                0x00000000       0x2c ./Core/Src/encoder.o
 .debug_rnglists
                0x0000002c       0x4f ./Core/Src/main.o
 .debug_rnglists
                0x0000007b       0x32 ./Core/Src/serial_communication.o
 .debug_rnglists
                0x000000ad       0x2b ./Core/Src/servo.o
 .debug_rnglists
                0x000000d8       0x34 ./Core/Src/stm32f4xx_hal_msp.o
 .debug_rnglists
                0x0000010c       0x4f ./Core/Src/stm32f4xx_it.o
 .debug_rnglists
                0x0000015b       0x2c ./Core/Src/supersonic.o
 .debug_rnglists
                0x00000187       0x13 ./Core/Src/sysmem.o
 .debug_rnglists
                0x0000019a       0x1a ./Core/Src/system_stm32f4xx.o
 .debug_rnglists
                0x000001b4       0x19 ./Core/Startup/startup_stm32f446retx.o
 .debug_rnglists
                0x000001cd       0xaf ./Drivers/STM32F4xx_HAL_Driver/Src/stm32f4xx_hal.o
 .debug_rnglists
                0x0000027c       0xe0 ./Drivers/STM32F4xx_HAL_Driver/Src/stm32f4xx_hal_cortex.o
 .debug_rnglists
                0x0000035c       0x70 ./Drivers/STM32F4xx_HAL_Driver/Src/stm32f4xx_hal_dma.o
 .debug_rnglists
                0x000003cc       0x3f ./Drivers/STM32F4xx_HAL_Driver/Src/stm32f4xx_hal_gpio.o
 .debug_rnglists
                0x0000040b       0x47 ./Drivers/STM32F4xx_HAL_Driver/Src/stm32f4xx_hal_pwr_ex.o
 .debug_rnglists
                0x00000452       0x66 ./Drivers/STM32F4xx_HAL_Driver/Src/stm32f4xx_hal_rcc.o
 .debug_rnglists
                0x000004b8       0x5e ./Drivers/STM32F4xx_HAL_Driver/Src/stm32f4xx_hal_rcc_ex.o
 .debug_rnglists
                0x00000516      0x31a ./Drivers/STM32F4xx_HAL_Driver/Src/stm32f4xx_hal_tim.o
 .debug_rnglists
                0x00000830      0x125 ./Drivers/STM32F4xx_HAL_Driver/Src/stm32f4xx_hal_tim_ex.o
 .debug_rnglists
                0x00000955      0x1bc ./Drivers/STM32F4xx_HAL_Driver/Src/stm32f4xx_hal_uart.o

.debug_macro    0x00000000    0x22ab0
 .debug_macro   0x00000000      0x1ec ./Core/Src/encoder.o
 .debug_macro   0x000001ec      0xad8 ./Core/Src/encoder.o
 .debug_macro   0x00000cc4      0x29b ./Core/Src/encoder.o
 .debug_macro   0x00000f5f       0x2e ./Core/Src/encoder.o
 .debug_macro   0x00000f8d       0x28 ./Core/Src/encoder.o
 .debug_macro   0x00000fb5       0x22 ./Core/Src/encoder.o
 .debug_macro   0x00000fd7       0x8e ./Core/Src/encoder.o
 .debug_macro   0x00001065       0x51 ./Core/Src/encoder.o
 .debug_macro   0x000010b6      0x103 ./Core/Src/encoder.o
 .debug_macro   0x000011b9       0x6a ./Core/Src/encoder.o
 .debug_macro   0x00001223      0x1df ./Core/Src/encoder.o
 .debug_macro   0x00001402       0x1c ./Core/Src/encoder.o
 .debug_macro   0x0000141e       0x22 ./Core/Src/encoder.o
 .debug_macro   0x00001440       0xfb ./Core/Src/encoder.o
 .debug_macro   0x0000153b     0x1011 ./Core/Src/encoder.o
 .debug_macro   0x0000254c      0x11f ./Core/Src/encoder.o
 .debug_macro   0x0000266b    0x1675e ./Core/Src/encoder.o
 .debug_macro   0x00018dc9       0x6d ./Core/Src/encoder.o
 .debug_macro   0x00018e36     0x3693 ./Core/Src/encoder.o
 .debug_macro   0x0001c4c9      0x190 ./Core/Src/encoder.o
 .debug_macro   0x0001c659       0x5c ./Core/Src/encoder.o
 .debug_macro   0x0001c6b5      0xca5 ./Core/Src/encoder.o
 .debug_macro   0x0001d35a      0x9e9 ./Core/Src/encoder.o
 .debug_macro   0x0001dd43      0x115 ./Core/Src/encoder.o
 .debug_macro   0x0001de58      0x1a0 ./Core/Src/encoder.o
 .debug_macro   0x0001dff8       0xa5 ./Core/Src/encoder.o
 .debug_macro   0x0001e09d      0x16d ./Core/Src/encoder.o
 .debug_macro   0x0001e20a      0x287 ./Core/Src/encoder.o
 .debug_macro   0x0001e491       0x5f ./Core/Src/encoder.o
 .debug_macro   0x0001e4f0      0x236 ./Core/Src/encoder.o
 .debug_macro   0x0001e726      0x132 ./Core/Src/encoder.o
 .debug_macro   0x0001e858      0x29c ./Core/Src/encoder.o
 .debug_macro   0x0001eaf4       0x2e ./Core/Src/encoder.o
 .debug_macro   0x0001eb22      0x127 ./Core/Src/encoder.o
 .debug_macro   0x0001ec49       0xe8 ./Core/Src/encoder.o
 .debug_macro   0x0001ed31       0x89 ./Core/Src/encoder.o
 .debug_macro   0x0001edba      0x8ed ./Core/Src/encoder.o
 .debug_macro   0x0001f6a7       0x53 ./Core/Src/encoder.o
 .debug_macro   0x0001f6fa      0x2aa ./Core/Src/encoder.o
 .debug_macro   0x0001f9a4      0x126 ./Core/Src/encoder.o
 .debug_macro   0x0001faca       0xa0 ./Core/Src/encoder.o
 .debug_macro   0x0001fb6a       0x2e ./Core/Src/encoder.o
 .debug_macro   0x0001fb98      0x221 ./Core/Src/main.o
 .debug_macro   0x0001fdb9       0x22 ./Core/Src/main.o
 .debug_macro   0x0001fddb       0x34 ./Core/Src/main.o
 .debug_macro   0x0001fe0f       0x1c ./Core/Src/main.o
 .debug_macro   0x0001fe2b       0x28 ./Core/Src/main.o
 .debug_macro   0x0001fe53      0x30a ./Core/Src/serial_communication.o
 .debug_macro   0x0002015d       0x28 ./Core/Src/serial_communication.o
 .debug_macro   0x00020185       0x61 ./Core/Src/serial_communication.o
 .debug_macro   0x000201e6       0x2a ./Core/Src/serial_communication.o
 .debug_macro   0x00020210       0x43 ./Core/Src/serial_communication.o
 .debug_macro   0x00020253       0x34 ./Core/Src/serial_communication.o
 .debug_macro   0x00020287       0x16 ./Core/Src/serial_communication.o
 .debug_macro   0x0002029d       0x3c ./Core/Src/serial_communication.o
 .debug_macro   0x000202d9      0x370 ./Core/Src/serial_communication.o
 .debug_macro   0x00020649       0x10 ./Core/Src/serial_communication.o
 .debug_macro   0x00020659       0x16 ./Core/Src/serial_communication.o
 .debug_macro   0x0002066f       0x4a ./Core/Src/serial_communication.o
 .debug_macro   0x000206b9       0x34 ./Core/Src/serial_communication.o
 .debug_macro   0x000206ed       0x10 ./Core/Src/serial_communication.o
 .debug_macro   0x000206fd       0x58 ./Core/Src/serial_communication.o
 .debug_macro   0x00020755       0x8e ./Core/Src/serial_communication.o
 .debug_macro   0x000207e3       0x1c ./Core/Src/serial_communication.o
 .debug_macro   0x000207ff      0x185 ./Core/Src/serial_communication.o
 .debug_macro   0x00020984       0x16 ./Core/Src/serial_communication.o
 .debug_macro   0x0002099a       0x16 ./Core/Src/serial_communication.o
 .debug_macro   0x000209b0      0x146 ./Core/Src/serial_communication.o
 .debug_macro   0x00020af6       0x16 ./Core/Src/serial_communication.o
 .debug_macro   0x00020b0c       0x20 ./Core/Src/serial_communication.o
 .debug_macro   0x00020b2c      0x1ec ./Core/Src/servo.o
 .debug_macro   0x00020d18      0x1dd ./Core/Src/stm32f4xx_hal_msp.o
 .debug_macro   0x00020ef5      0x1e7 ./Core/Src/stm32f4xx_it.o
 .debug_macro   0x000210dc      0x1ec ./Core/Src/supersonic.o
 .debug_macro   0x000212c8       0x16 ./Core/Src/supersonic.o
 .debug_macro   0x000212de      0x112 ./Core/Src/sysmem.o
 .debug_macro   0x000213f0      0x23c ./Core/Src/sysmem.o
 .debug_macro   0x0002162c      0x1ce ./Core/Src/system_stm32f4xx.o
 .debug_macro   0x000217fa      0x22e ./Drivers/STM32F4xx_HAL_Driver/Src/stm32f4xx_hal.o
 .debug_macro   0x00021a28      0x1ce ./Drivers/STM32F4xx_HAL_Driver/Src/stm32f4xx_hal_cortex.o
 .debug_macro   0x00021bf6      0x1d4 ./Drivers/STM32F4xx_HAL_Driver/Src/stm32f4xx_hal_dma.o
 .debug_macro   0x00021dca      0x1d4 ./Drivers/STM32F4xx_HAL_Driver/Src/stm32f4xx_hal_gpio.o
 .debug_macro   0x00021f9e      0x1e6 ./Drivers/STM32F4xx_HAL_Driver/Src/stm32f4xx_hal_pwr_ex.o
 .debug_macro   0x00022184      0x1f2 ./Drivers/STM32F4xx_HAL_Driver/Src/stm32f4xx_hal_rcc.o
 .debug_macro   0x00022376      0x1ce ./Drivers/STM32F4xx_HAL_Driver/Src/stm32f4xx_hal_rcc_ex.o
 .debug_macro   0x00022544      0x1cf ./Drivers/STM32F4xx_HAL_Driver/Src/stm32f4xx_hal_tim.o
 .debug_macro   0x00022713      0x1ce ./Drivers/STM32F4xx_HAL_Driver/Src/stm32f4xx_hal_tim_ex.o
 .debug_macro   0x000228e1      0x1cf ./Drivers/STM32F4xx_HAL_Driver/Src/stm32f4xx_hal_uart.o

.debug_line     0x00000000    0x1217c
 .debug_line    0x00000000      0x7d4 ./Core/Src/encoder.o
 .debug_line    0x000007d4      0xaf7 ./Core/Src/main.o
 .debug_line    0x000012cb      0xa08 ./Core/Src/serial_communication.o
 .debug_line    0x00001cd3      0x7dd ./Core/Src/servo.o
 .debug_line    0x000024b0      0x87b ./Core/Src/stm32f4xx_hal_msp.o
 .debug_line    0x00002d2b      0x829 ./Core/Src/stm32f4xx_it.o
 .debug_line    0x00003554      0x818 ./Core/Src/supersonic.o
 .debug_line    0x00003d6c      0x58d ./Core/Src/sysmem.o
 .debug_line    0x000042f9      0x7c0 ./Core/Src/system_stm32f4xx.o
 .debug_line    0x00004ab9       0x7a ./Core/Startup/startup_stm32f446retx.o
 .debug_line    0x00004b33      0xa3c ./Drivers/STM32F4xx_HAL_Driver/Src/stm32f4xx_hal.o
 .debug_line    0x0000556f      0xd0c ./Drivers/STM32F4xx_HAL_Driver/Src/stm32f4xx_hal_cortex.o
 .debug_line    0x0000627b      0xfa8 ./Drivers/STM32F4xx_HAL_Driver/Src/stm32f4xx_hal_dma.o
 .debug_line    0x00007223      0xb80 ./Drivers/STM32F4xx_HAL_Driver/Src/stm32f4xx_hal_gpio.o
 .debug_line    0x00007da3      0x9a9 ./Drivers/STM32F4xx_HAL_Driver/Src/stm32f4xx_hal_pwr_ex.o
 .debug_line    0x0000874c      0xe57 ./Drivers/STM32F4xx_HAL_Driver/Src/stm32f4xx_hal_rcc.o
 .debug_line    0x000095a3     0x1508 ./Drivers/STM32F4xx_HAL_Driver/Src/stm32f4xx_hal_rcc_ex.o
 .debug_line    0x0000aaab     0x37b1 ./Drivers/STM32F4xx_HAL_Driver/Src/stm32f4xx_hal_tim.o
 .debug_line    0x0000e25c     0x199c ./Drivers/STM32F4xx_HAL_Driver/Src/stm32f4xx_hal_tim_ex.o
 .debug_line    0x0000fbf8     0x2584 ./Drivers/STM32F4xx_HAL_Driver/Src/stm32f4xx_hal_uart.o

.debug_str      0x00000000    0xd17b0
 .debug_str     0x00000000    0xd17b0 ./Core/Src/encoder.o
                              0xc9fb0 (size before relaxing)
 .debug_str     0x000d17b0        0x0 ./Core/Src/main.o
                              0xca8eb (size before relaxing)
 .debug_str     0x000d17b0        0x0 ./Core/Src/serial_communication.o
                              0xcd80d (size before relaxing)
 .debug_str     0x000d17b0        0x0 ./Core/Src/servo.o
                              0xc9f2a (size before relaxing)
 .debug_str     0x000d17b0        0x0 ./Core/Src/stm32f4xx_hal_msp.o
                              0xca7cd (size before relaxing)
 .debug_str     0x000d17b0        0x0 ./Core/Src/stm32f4xx_it.o
                              0xca107 (size before relaxing)
 .debug_str     0x000d17b0        0x0 ./Core/Src/supersonic.o
                              0xca000 (size before relaxing)
 .debug_str     0x000d17b0        0x0 ./Core/Src/sysmem.o
                               0x7767 (size before relaxing)
 .debug_str     0x000d17b0        0x0 ./Core/Src/system_stm32f4xx.o
                              0xc9888 (size before relaxing)
 .debug_str     0x000d17b0        0x0 ./Core/Startup/startup_stm32f446retx.o
                                 0x69 (size before relaxing)
 .debug_str     0x000d17b0        0x0 ./Drivers/STM32F4xx_HAL_Driver/Src/stm32f4xx_hal.o
                              0xca44d (size before relaxing)
 .debug_str     0x000d17b0        0x0 ./Drivers/STM32F4xx_HAL_Driver/Src/stm32f4xx_hal_cortex.o
                              0xca1a4 (size before relaxing)
 .debug_str     0x000d17b0        0x0 ./Drivers/STM32F4xx_HAL_Driver/Src/stm32f4xx_hal_dma.o
                              0xc9c7d (size before relaxing)
 .debug_str     0x000d17b0        0x0 ./Drivers/STM32F4xx_HAL_Driver/Src/stm32f4xx_hal_gpio.o
                              0xc9a03 (size before relaxing)
 .debug_str     0x000d17b0        0x0 ./Drivers/STM32F4xx_HAL_Driver/Src/stm32f4xx_hal_pwr_ex.o
                              0xc9a60 (size before relaxing)
 .debug_str     0x000d17b0        0x0 ./Drivers/STM32F4xx_HAL_Driver/Src/stm32f4xx_hal_rcc.o
                              0xc9cc1 (size before relaxing)
 .debug_str     0x000d17b0        0x0 ./Drivers/STM32F4xx_HAL_Driver/Src/stm32f4xx_hal_rcc_ex.o
                              0xc9cf4 (size before relaxing)
 .debug_str     0x000d17b0        0x0 ./Drivers/STM32F4xx_HAL_Driver/Src/stm32f4xx_hal_tim.o
                              0xcabed (size before relaxing)
 .debug_str     0x000d17b0        0x0 ./Drivers/STM32F4xx_HAL_Driver/Src/stm32f4xx_hal_tim_ex.o
                              0xca3f9 (size before relaxing)
 .debug_str     0x000d17b0        0x0 ./Drivers/STM32F4xx_HAL_Driver/Src/stm32f4xx_hal_uart.o
                              0xca278 (size before relaxing)

.comment        0x00000000       0x43
 .comment       0x00000000       0x43 ./Core/Src/encoder.o
                                 0x44 (size before relaxing)
 .comment       0x00000043        0x0 ./Core/Src/main.o
                                 0x44 (size before relaxing)
 .comment       0x00000043        0x0 ./Core/Src/serial_communication.o
                                 0x44 (size before relaxing)
 .comment       0x00000043        0x0 ./Core/Src/servo.o
                                 0x44 (size before relaxing)
 .comment       0x00000043        0x0 ./Core/Src/stm32f4xx_hal_msp.o
                                 0x44 (size before relaxing)
 .comment       0x00000043        0x0 ./Core/Src/stm32f4xx_it.o
                                 0x44 (size before relaxing)
 .comment       0x00000043        0x0 ./Core/Src/supersonic.o
                                 0x44 (size before relaxing)
 .comment       0x00000043        0x0 ./Core/Src/sysmem.o
                                 0x44 (size before relaxing)
 .comment       0x00000043        0x0 ./Core/Src/system_stm32f4xx.o
                                 0x44 (size before relaxing)
 .comment       0x00000043        0x0 ./Drivers/STM32F4xx_HAL_Driver/Src/stm32f4xx_hal.o
                                 0x44 (size before relaxing)
 .comment       0x00000043        0x0 ./Drivers/STM32F4xx_HAL_Driver/Src/stm32f4xx_hal_cortex.o
                                 0x44 (size before relaxing)
 .comment       0x00000043        0x0 ./Drivers/STM32F4xx_HAL_Driver/Src/stm32f4xx_hal_dma.o
                                 0x44 (size before relaxing)
 .comment       0x00000043        0x0 ./Drivers/STM32F4xx_HAL_Driver/Src/stm32f4xx_hal_gpio.o
                                 0x44 (size before relaxing)